TAP version 13
# Subtest: AgentEvent automatically reconnects with UUID since, preserving query parameters
ok 1 - AgentEvent automatically reconnects with UUID since, preserving query parameters
  ---
  duration_ms: 26.024023
  type: 'test'
  ...
# Subtest: turn replay retains original POST, bytes, key and numeric Last-Event-ID
ok 2 - turn replay retains original POST, bytes, key and numeric Last-Event-ID
  ---
  duration_ms: 9.617191
  type: 'test'
  ...
# Subtest: fresh invocation needs original key; invalid replay identity makes no request
ok 3 - fresh invocation needs original key; invalid replay identity makes no request
  ---
  duration_ms: 0.921589
  type: 'test'
  ...
# Subtest: stream_expired followed by socket failure never starts another turn; caller reloads durable transcript
ok 4 - stream_expired followed by socket failure never starts another turn; caller reloads durable transcript
  ---
  duration_ms: 4.82661
  type: 'test'
  ...
# Subtest: realtime advances fresh numeric sequence after room reset, never hello zero
ok 5 - realtime advances fresh numeric sequence after room reset, never hello zero
  ---
  duration_ms: 3.720029
  type: 'test'
  ...
# Subtest: refresh 401 through the same client rejects instead of waiting on itself
ok 6 - refresh 401 through the same client rejects instead of waiting on itself
  ---
  duration_ms: 2.071972
  type: 'test'
  ...
# Subtest: concurrent 401s share one successful refresh, null does not resend stale credentials
ok 7 - concurrent 401s share one successful refresh, null does not resend stale credentials
  ---
  duration_ms: 4.155543
  type: 'test'
  ...
# Subtest: embedded Fetch subscriptions and turns abort an idle response body
ok 8 - embedded Fetch subscriptions and turns abort an idle response body
  ---
  duration_ms: 12.988586
  type: 'test'
  ...
# Subtest: a terminal event ends an open socket and acknowledges its cursor
ok 9 - a terminal event ends an open socket and acknowledges its cursor
  ---
  duration_ms: 2.934531
  type: 'test'
  ...
# Subtest: turn done preserves same-chunk and delayed image completion before cancelling
ok 10 - turn done preserves same-chunk and delayed image completion before cancelling
  ---
  duration_ms: 8.57436
  type: 'test'
  ...
# Subtest: pending image IDs settle independently; error and EOF still finish a turn
ok 11 - pending image IDs settle independently; error and EOF still finish a turn
  ---
  duration_ms: 4.487527
  type: 'test'
  ...
# Subtest: reader and account cancellation reject an idle post-done image tail
ok 12 - reader and account cancellation reject an idle post-done image tail
  ---
  duration_ms: 2.587267
  type: 'test'
  ...
# Subtest: abort stops frames already buffered in the same chunk
ok 13 - abort stops frames already buffered in the same chunk
  ---
  duration_ms: 3.447086
  type: 'test'
  ...
# Subtest: a request and a turn replay never cross a changed token source
ok 14 - a request and a turn replay never cross a changed token source
  ---
  duration_ms: 5.180314
  type: 'test'
  ...
# Subtest: new sign-in aborts a late refresh before it can replace the new cookie
ok 15 - new sign-in aborts a late refresh before it can replace the new cookie
  ---
  duration_ms: 2.82377
  type: 'test'
  ...
# Subtest: adopting a sign-in token preserves its refresh cookie; a rejected sign-in preserves the guest
ok 16 - adopting a sign-in token preserves its refresh cookie; a rejected sign-in preserves the guest
  ---
  duration_ms: 3.722979
  type: 'test'
  ...
# Subtest: a reactive request during refresh adopts the issued token and cookie
ok 17 - a reactive request during refresh adopts the issued token and cookie
  ---
  duration_ms: 1.598857
  type: 'test'
  ...
# Subtest: external refresh reconciles reactive token changes before replay
ok 18 - external refresh reconciles reactive token changes before replay
  ---
  duration_ms: 1.134681
  type: 'test'
  ...
# Subtest: external refresh can await another SDK call without waiting on itself
ok 19 - external refresh can await another SDK call without waiting on itself
  ---
  duration_ms: 2.078242
  type: 'test'
  ...
# Subtest: token removal refuses a private turn replay
ok 20 - token removal refuses a private turn replay
  ---
  duration_ms: 2.93192
  type: 'test'
  ...
# Subtest: successful sign-in invalidates a private request admitted during sign-in
ok 21 - successful sign-in invalidates a private request admitted during sign-in
  ---
  duration_ms: 1.682697
  type: 'test'
  ...
# Subtest: native Fetch sign-in remains readable without cloning after replacing account lifetime
ok 22 - native Fetch sign-in remains readable without cloning after replacing account lifetime
  ---
  duration_ms: 26.76923
  type: 'test'
  ...
# Subtest: auth JSON reads preserve original read errors and account abort reasons
ok 23 - auth JSON reads preserve original read errors and account abort reasons
  ---
  duration_ms: 1.321244
  type: 'test'
  ...
# Subtest: auth JSON accepts a bodyless 204 and refuses malformed JSON
ok 24 - auth JSON accepts a bodyless 204 and refuses malformed JSON
  ---
  duration_ms: 1.674028
  type: 'test'
  ...
# Subtest: successful logout clears an SDK-cached bearer
ok 25 - successful logout clears an SDK-cached bearer
  ---
  duration_ms: 1.490385
  type: 'test'
  ...
# Subtest: account abort cancels buffered turn frames and an idle embedded subscription
ok 26 - account abort cancels buffered turn frames and an idle embedded subscription
  ---
  duration_ms: 7.923763
  type: 'test'
  ...
# Subtest: generated OTP inputs, void acknowledgement, raw upload and public MFA error
ok 27 - generated OTP inputs, void acknowledgement, raw upload and public MFA error
  ---
  duration_ms: 4.898652
  type: 'test'
  ...
# Subtest: generated screenshot upload preserves File and Blob bytes and filename
ok 28 - generated screenshot upload preserves File and Blob bytes and filename
  ---
  duration_ms: 1.864949
  type: 'test'
  ...
# Subtest: generated methods preserve HeadersInit forms and explicit header removal
ok 29 - generated methods preserve HeadersInit forms and explicit header removal
  ---
  duration_ms: 4.113293
  type: 'test'
  ...
# Subtest: HTTP media types match parsers; generated SSE returns before EOF; WS plain HTTP refuses
ok 30 - HTTP media types match parsers; generated SSE returns before EOF; WS plain HTTP refuses
  ---
  duration_ms: 3.146163
  type: 'test'
  ...
# Subtest: generated turn and edit methods accept legacy JSON bodies and return raw streams
ok 31 - generated turn and edit methods accept legacy JSON bodies and return raw streams
  ---
  duration_ms: 3.506496
  type: 'test'
  ...
# Subtest: binding an account signal keeps explicit credentials and replay headers
ok 32 - binding an account signal keeps explicit credentials and replay headers
  ---
  duration_ms: 0.733668
  type: 'test'
  ...
# Subtest: AgentEvent JSON methods preserve Headers and tuples and pin their transport
ok 33 - AgentEvent JSON methods preserve Headers and tuples and pin their transport
  ---
  duration_ms: 0.9265
  type: 'test'
  ...
# Subtest: low-level SSE removes a reset cursor without dropping the initial caller cursor
ok 34 - low-level SSE removes a reset cursor without dropping the initial caller cursor
  ---
  duration_ms: 2.590908
  type: 'test'
  ...
1..34
# tests 34
# suites 0
# pass 34
# fail 0
# cancelled 0
# skipped 0
# todo 0
# duration_ms 299.769039
