[
  {
    "factor": 1,
    "which": "both",
    "requests": [
      "cortex://app/fonts/Geist-Variable.woff2",
      "cortex://app/fonts/GeistMono-Variable.woff2"
    ],
    "before": {
      "fontStatus": "loading",
      "top": 410,
      "height": 1069,
      "viewport": 659,
      "gap": 0,
      "inner": 1049,
      "faces": [
        {
          "family": "Geist",
          "status": "loading"
        },
        {
          "family": "Geist Mono",
          "status": "loading"
        }
      ],
      "writes": [
        {
          "top": 410,
          "height": 1069,
          "inner": 1049,
          "faces": [
            {
              "family": "Geist",
              "status": "loading"
            },
            {
              "family": "Geist Mono",
              "status": "loading"
            }
          ]
        }
      ],
      "dpr": 1
    },
    "after": {
      "fontStatus": "loaded",
      "top": 392,
      "height": 1051,
      "viewport": 659,
      "gap": 0,
      "inner": 1031,
      "faces": [
        {
          "family": "Geist",
          "status": "loaded"
        },
        {
          "family": "Geist Mono",
          "status": "loaded"
        }
      ],
      "writes": [
        {
          "top": 410,
          "height": 1069,
          "inner": 1049,
          "faces": [
            {
              "family": "Geist",
              "status": "loading"
            },
            {
              "family": "Geist Mono",
              "status": "loading"
            }
          ]
        }
      ],
      "dpr": 1
    }
  },
  {
    "factor": 1,
    "which": "Geist-Variable",
    "requests": [
      "cortex://app/fonts/Geist-Variable.woff2",
      "cortex://app/fonts/GeistMono-Variable.woff2"
    ],
    "before": {
      "fontStatus": "loading",
      "top": 410,
      "height": 1069,
      "viewport": 659,
      "gap": 0,
      "inner": 1049,
      "faces": [
        {
          "family": "Geist",
          "status": "loading"
        },
        {
          "family": "Geist Mono",
          "status": "loaded"
        }
      ],
      "writes": [
        {
          "top": 410,
          "height": 1069,
          "inner": 1049,
          "faces": [
            {
              "family": "Geist",
              "status": "loading"
            },
            {
              "family": "Geist Mono",
              "status": "loading"
            }
          ]
        }
      ],
      "dpr": 1
    },
    "after": {
      "fontStatus": "loaded",
      "top": 392,
      "height": 1051,
      "viewport": 659,
      "gap": 0,
      "inner": 1031,
      "faces": [
        {
          "family": "Geist",
          "status": "loaded"
        },
        {
          "family": "Geist Mono",
          "status": "loaded"
        }
      ],
      "writes": [
        {
          "top": 410,
          "height": 1069,
          "inner": 1049,
          "faces": [
            {
              "family": "Geist",
              "status": "loading"
            },
            {
              "family": "Geist Mono",
              "status": "loading"
            }
          ]
        }
      ],
      "dpr": 1
    }
  },
  {
    "factor": 1,
    "which": "GeistMono-Variable",
    "requests": [
      "cortex://app/fonts/Geist-Variable.woff2",
      "cortex://app/fonts/GeistMono-Variable.woff2"
    ],
    "before": {
      "fontStatus": "loading",
      "top": 392,
      "height": 1051,
      "viewport": 659,
      "gap": 0,
      "inner": 1031,
      "faces": [
        {
          "family": "Geist",
          "status": "loaded"
        },
        {
          "family": "Geist Mono",
          "status": "loading"
        }
      ],
      "writes": [
        {
          "top": 410,
          "height": 1069,
          "inner": 1049,
          "faces": [
            {
              "family": "Geist",
              "status": "loading"
            },
            {
              "family": "Geist Mono",
              "status": "loading"
            }
          ]
        }
      ],
      "dpr": 1
    },
    "after": {
      "fontStatus": "loaded",
      "top": 392,
      "height": 1051,
      "viewport": 659,
      "gap": 0,
      "inner": 1031,
      "faces": [
        {
          "family": "Geist",
          "status": "loaded"
        },
        {
          "family": "Geist Mono",
          "status": "loaded"
        }
      ],
      "writes": [
        {
          "top": 410,
          "height": 1069,
          "inner": 1049,
          "faces": [
            {
              "family": "Geist",
              "status": "loading"
            },
            {
              "family": "Geist Mono",
              "status": "loading"
            }
          ]
        }
      ],
      "dpr": 1
    }
  },
  {
    "factor": 2,
    "which": "both",
    "requests": [
      "cortex://app/fonts/Geist-Variable.woff2",
      "cortex://app/fonts/GeistMono-Variable.woff2"
    ],
    "before": {
      "fontStatus": "loading",
      "top": 409,
      "height": 1068,
      "viewport": 659,
      "gap": 0,
      "inner": 1048,
      "faces": [
        {
          "family": "Geist",
          "status": "loading"
        },
        {
          "family": "Geist Mono",
          "status": "loading"
        }
      ],
      "writes": [
        {
          "top": 409,
          "height": 1068,
          "inner": 1048,
          "faces": [
            {
              "family": "Geist",
              "status": "loading"
            },
            {
              "family": "Geist Mono",
              "status": "loading"
            }
          ]
        }
      ],
      "dpr": 2
    },
    "after": {
      "fontStatus": "loaded",
      "top": 392,
      "height": 1051,
      "viewport": 659,
      "gap": 0,
      "inner": 1031,
      "faces": [
        {
          "family": "Geist",
          "status": "loaded"
        },
        {
          "family": "Geist Mono",
          "status": "loaded"
        }
      ],
      "writes": [
        {
          "top": 409,
          "height": 1068,
          "inner": 1048,
          "faces": [
            {
              "family": "Geist",
              "status": "loading"
            },
            {
              "family": "Geist Mono",
              "status": "loading"
            }
          ]
        }
      ],
      "dpr": 2
    }
  },
  {
    "factor": 2,
    "which": "Geist-Variable",
    "requests": [
      "cortex://app/fonts/Geist-Variable.woff2",
      "cortex://app/fonts/GeistMono-Variable.woff2"
    ],
    "before": {
      "fontStatus": "loading",
      "top": 409,
      "height": 1068,
      "viewport": 659,
      "gap": 0,
      "inner": 1048,
      "faces": [
        {
          "family": "Geist",
          "status": "loading"
        },
        {
          "family": "Geist Mono",
          "status": "loaded"
        }
      ],
      "writes": [
        {
          "top": 409,
          "height": 1068,
          "inner": 1048,
          "faces": [
            {
              "family": "Geist",
              "status": "loading"
            },
            {
              "family": "Geist Mono",
              "status": "loading"
            }
          ]
        }
      ],
      "dpr": 2
    },
    "after": {
      "fontStatus": "loaded",
      "top": 392,
      "height": 1051,
      "viewport": 659,
      "gap": 0,
      "inner": 1031,
      "faces": [
        {
          "family": "Geist",
          "status": "loaded"
        },
        {
          "family": "Geist Mono",
          "status": "loaded"
        }
      ],
      "writes": [
        {
          "top": 409,
          "height": 1068,
          "inner": 1048,
          "faces": [
            {
              "family": "Geist",
              "status": "loading"
            },
            {
              "family": "Geist Mono",
              "status": "loading"
            }
          ]
        }
      ],
      "dpr": 2
    }
  },
  {
    "factor": 2,
    "which": "GeistMono-Variable",
    "requests": [
      "cortex://app/fonts/Geist-Variable.woff2",
      "cortex://app/fonts/GeistMono-Variable.woff2"
    ],
    "before": {
      "fontStatus": "loading",
      "top": 392,
      "height": 1051,
      "viewport": 659,
      "gap": 0,
      "inner": 1031,
      "faces": [
        {
          "family": "Geist",
          "status": "loaded"
        },
        {
          "family": "Geist Mono",
          "status": "loading"
        }
      ],
      "writes": [
        {
          "top": 409,
          "height": 1068,
          "inner": 1048,
          "faces": [
            {
              "family": "Geist",
              "status": "loading"
            },
            {
              "family": "Geist Mono",
              "status": "loading"
            }
          ]
        }
      ],
      "dpr": 2
    },
    "after": {
      "fontStatus": "loaded",
      "top": 392,
      "height": 1051,
      "viewport": 659,
      "gap": 0,
      "inner": 1031,
      "faces": [
        {
          "family": "Geist",
          "status": "loaded"
        },
        {
          "family": "Geist Mono",
          "status": "loaded"
        }
      ],
      "writes": [
        {
          "top": 409,
          "height": 1068,
          "inner": 1048,
          "faces": [
            {
              "family": "Geist",
              "status": "loading"
            },
            {
              "family": "Geist Mono",
              "status": "loading"
            }
          ]
        }
      ],
      "dpr": 2
    }
  }
]
