{
  "counts": {
    "captured": 2,
    "compared": 2,
    "referenceGaps": 0,
    "pngs": 6
  },
  "workSourceSha256": "f20599c58871783afba2024f88aa8902b2e9f355baeb6af35f2a473a70e056d6",
  "servedAssetCount": 19,
  "servedAssetFingerprint": "a98dce1277e2c85cd916da4815a85bdfccee4dd404f82da863bf46895a0d01aa",
  "reportSha256": "ee8d46f39b3c904b39b39ff97fb750c1fa5088ab762926cb356ff3be6d51e223",
  "rows": [
    {
      "name": "work-task~done-dark",
      "differentPixels": 13,
      "diffPct": 0,
      "rawDiffPct": 0.0002507716049382716,
      "geometry": {
        "fonts": "loaded",
        "top": 392,
        "height": 1051,
        "viewport": 659,
        "bottomGap": 0,
        "rectangles": {
          ".thread": {
            "x": 377,
            "y": 130,
            "width": 1017,
            "height": 659,
            "top": 130,
            "right": 1394,
            "bottom": 789,
            "left": 377
          },
          ".thread-inner": {
            "x": 545.5,
            "y": -258,
            "width": 680,
            "height": 1031,
            "top": -258,
            "right": 1225.5,
            "bottom": 773,
            "left": 545.5
          },
          ".travail-steps": {
            "x": 545.5,
            "y": 275,
            "width": 680,
            "height": 216,
            "top": 275,
            "right": 1225.5,
            "bottom": 491,
            "left": 545.5
          },
          ".travail-recap": {
            "x": 559.5,
            "y": 563,
            "width": 652,
            "height": 60,
            "top": 563,
            "right": 1211.5,
            "bottom": 623,
            "left": 559.5
          },
          ".dock": {
            "x": 377,
            "y": 789,
            "width": 1017,
            "height": 76,
            "top": 789,
            "right": 1394,
            "bottom": 865,
            "left": 377
          },
          ".composer": {
            "x": 545.5,
            "y": 797,
            "width": 680,
            "height": 52,
            "top": 797,
            "right": 1225.5,
            "bottom": 849,
            "left": 545.5
          }
        }
      },
      "unshiftedTranscriptRegion": {
        "rectangle": [
          1110,
          510,
          2440,
          1490
        ],
        "pixels": 1303400,
        "exactDifferentPixels": 0,
        "pixelmatchDifferentPixels": 0
      }
    },
    {
      "name": "work-task~done-light",
      "differentPixels": 235,
      "diffPct": 0,
      "rawDiffPct": 0.004533179012345679,
      "geometry": {
        "fonts": "loaded",
        "top": 392,
        "height": 1051,
        "viewport": 659,
        "bottomGap": 0,
        "rectangles": {
          ".thread": {
            "x": 377,
            "y": 130,
            "width": 1017,
            "height": 659,
            "top": 130,
            "right": 1394,
            "bottom": 789,
            "left": 377
          },
          ".thread-inner": {
            "x": 545.5,
            "y": -258,
            "width": 680,
            "height": 1031,
            "top": -258,
            "right": 1225.5,
            "bottom": 773,
            "left": 545.5
          },
          ".travail-steps": {
            "x": 545.5,
            "y": 275,
            "width": 680,
            "height": 216,
            "top": 275,
            "right": 1225.5,
            "bottom": 491,
            "left": 545.5
          },
          ".travail-recap": {
            "x": 559.5,
            "y": 563,
            "width": 652,
            "height": 60,
            "top": 563,
            "right": 1211.5,
            "bottom": 623,
            "left": 559.5
          },
          ".dock": {
            "x": 377,
            "y": 789,
            "width": 1017,
            "height": 76,
            "top": 789,
            "right": 1394,
            "bottom": 865,
            "left": 377
          },
          ".composer": {
            "x": 545.5,
            "y": 797,
            "width": 680,
            "height": 52,
            "top": 797,
            "right": 1225.5,
            "bottom": 849,
            "left": 545.5
          }
        }
      },
      "unshiftedTranscriptRegion": {
        "rectangle": [
          1110,
          510,
          2440,
          1490
        ],
        "pixels": 1303400,
        "exactDifferentPixels": 0,
        "pixelmatchDifferentPixels": 0
      }
    }
  ]
}
