en light wrong-code: passed
en light signed-in: passed
en light unavailable-enrollment: passed
en dark wrong-code: passed
en dark signed-in: passed
en dark unavailable-enrollment: passed
fr light wrong-code: passed
fr light signed-in: passed
fr light unavailable-enrollment: passed
fr dark wrong-code: passed
fr dark signed-in: passed
fr dark unavailable-enrollment: passed
es light wrong-code: passed
es light signed-in: passed
es light unavailable-enrollment: passed
es dark wrong-code: passed
es dark signed-in: passed
es dark unavailable-enrollment: passed
de light wrong-code: passed
de light signed-in: passed
de light unavailable-enrollment: passed
de dark wrong-code: passed
de dark signed-in: passed
de dark unavailable-enrollment: passed
ja light wrong-code: passed
ja light signed-in: passed
ja light unavailable-enrollment: passed
ja dark wrong-code: passed
ja dark signed-in: passed
ja dark unavailable-enrollment: passed
zh-Hans light wrong-code: passed
zh-Hans light signed-in: passed
zh-Hans light unavailable-enrollment: passed
zh-Hans dark wrong-code: passed
zh-Hans dark signed-in: passed
zh-Hans dark unavailable-enrollment: passed
pt-BR light wrong-code: passed
pt-BR light signed-in: passed
pt-BR light unavailable-enrollment: passed
pt-BR dark wrong-code: passed
pt-BR dark signed-in: passed
pt-BR dark unavailable-enrollment: passed
ko light wrong-code: passed
ko light signed-in: passed
ko light unavailable-enrollment: passed
ko dark wrong-code: passed
ko dark signed-in: passed
ko dark unavailable-enrollment: passed
Auth locale check: passed; /var/tmp/opencode/auth-locales-7885736/manifest.json
