{
  "trials": [
    {
      "trial": 0,
      "guarded": false,
      "rows": 1,
      "firstOpacity": "1",
      "firstPixels": 16932,
      "secondPixels": 16932
    },
    {
      "trial": 1,
      "guarded": false,
      "rows": 1,
      "firstOpacity": "0",
      "firstPixels": 16932,
      "secondPixels": 16932
    },
    {
      "trial": 2,
      "guarded": false,
      "rows": 1,
      "firstOpacity": "0",
      "firstPixels": 16932,
      "secondPixels": 16932
    },
    {
      "trial": 3,
      "guarded": false,
      "rows": 1,
      "firstOpacity": "0",
      "firstPixels": 16932,
      "secondPixels": 16932
    },
    {
      "trial": 4,
      "guarded": false,
      "rows": 1,
      "firstOpacity": "0",
      "firstPixels": 16932,
      "secondPixels": 16932
    },
    {
      "trial": 5,
      "guarded": false,
      "rows": 1,
      "firstOpacity": "0",
      "firstPixels": 16932,
      "secondPixels": 16932
    },
    {
      "trial": 6,
      "guarded": true,
      "rows": 1,
      "firstOpacity": "1",
      "firstPixels": 16932,
      "secondPixels": 16932
    },
    {
      "trial": 7,
      "guarded": true,
      "rows": 1,
      "firstOpacity": "1",
      "firstPixels": 16932,
      "secondPixels": 16932
    },
    {
      "trial": 8,
      "guarded": true,
      "rows": 1,
      "firstOpacity": "1",
      "firstPixels": 16932,
      "secondPixels": 16932
    },
    {
      "trial": 9,
      "guarded": true,
      "rows": 1,
      "firstOpacity": "1",
      "firstPixels": 16932,
      "secondPixels": 16932
    },
    {
      "trial": 10,
      "guarded": true,
      "rows": 1,
      "firstOpacity": "1",
      "firstPixels": 16932,
      "secondPixels": 16932
    },
    {
      "trial": 11,
      "guarded": true,
      "rows": 1,
      "firstOpacity": "1",
      "firstPixels": 16932,
      "secondPixels": 16932
    }
  ],
  "errors": []
}
