$ vitest run packages/core/test/scheduler.test.ts

 RUN  v5.0.3 /root/.local/share/opencode/worktree/b489da9add1907e124bad2dfd49e8423fbd978b1/goal-desktop-rewrite

 ❯ packages/core/test/scheduler.test.ts (1 test | 1 failed) 101ms
   ❯ scheduled run outcomes (1)
     × persists interruption as an error instead of a successful routine run 99ms

⎯⎯⎯⎯⎯⎯⎯ Failed Tests 1 ⎯⎯⎯⎯⎯⎯⎯

 FAIL  packages/core/test/scheduler.test.ts > scheduled run outcomes > persists interruption as an error instead of a successful routine run
AssertionError: expected { …(5) } to match object { status: 'error', …(1) }
(6 matching properties omitted from actual)

- Expected
+ Received

  {
-   "error": {
-     "code": "aborted",
-   },
-   "status": "error",
+   "status": "success",
  }

 ❯ packages/core/test/scheduler.test.ts:19:29
     17|       expect(core.scheduler.get(task.id).runs[0]?.status).toBe("runnin…
     18|       await core.sessions.abort(sessionID)
     19|       expect(await running).toMatchObject({ status: "error", error: { …
       |                             ^
     20|       expect(core.scheduler.get(task.id).runs[0]).toMatchObject({ stat…
     21|       expect(core.permissions.list()).toEqual([])

⎯⎯⎯⎯⎯⎯⎯⎯⎯⎯⎯⎯⎯⎯⎯⎯⎯⎯⎯⎯⎯⎯⎯⎯[1/1]⎯


 Test Files  1 failed (1)
      Tests  1 failed (1)
   Start at  21:58:04
   Duration  847ms (import 48%, transform 37%, tests 15%, worker 1%)

error: script "test" exited with code 1
