macOS build, package, launch	E2E on macOS (source build)	﻿2026-10-02T16:18:05.4876930Z ##[group]Run bun run test:e2e
macOS build, package, launch	E2E on macOS (source build)	2026-10-02T16:18:05.4877140Z bun run test:e2e
macOS build, package, launch	E2E on macOS (source build)	2026-10-02T16:18:05.4903590Z shell: /bin/bash -e {0}
macOS build, package, launch	E2E on macOS (source build)	2026-10-02T16:18:05.4903880Z env:
macOS build, package, launch	E2E on macOS (source build)	2026-10-02T16:18:05.4904100Z   CSC_IDENTITY_AUTO_DISCOVERY: false
macOS build, package, launch	E2E on macOS (source build)	2026-10-02T16:18:05.4904390Z   BLACKSMITH_RUNNER_MESSAGE_WAIT_MS: 660
macOS build, package, launch	E2E on macOS (source build)	2026-10-02T16:18:05.4904580Z   BLACKSMITH_RUNNER_ACQUIRE_JOB_MS: 932
macOS build, package, launch	E2E on macOS (source build)	2026-10-02T16:18:05.4904770Z ##[endgroup]
macOS build, package, launch	E2E on macOS (source build)	2026-10-02T16:18:05.5199000Z $ playwright test
macOS build, package, launch	E2E on macOS (source build)	2026-10-02T16:18:07.1645420Z
macOS build, package, launch	E2E on macOS (source build)	2026-10-02T16:18:07.1646000Z Running 46 tests using 4 workers
macOS build, package, launch	E2E on macOS (source build)	2026-10-02T16:18:07.1646950Z
macOS build, package, launch	E2E on macOS (source build)	2026-10-02T16:18:15.6408450Z   ✓   2 tests/e2e/bot-safety.spec.ts:30:3 › Bot Studio retains refused saves; accepted saves leave once — 960 dark (8.1s)
macOS build, package, launch	E2E on macOS (source build)	2026-10-02T16:18:15.6512110Z   ✓   1 tests/e2e/bot-safety.spec.ts:30:3 › Bot Studio retains refused saves; accepted saves leave once — 960 light (8.1s)
macOS build, package, launch	E2E on macOS (source build)	2026-10-02T16:18:20.2734130Z   ✓   5 tests/e2e/bot-safety.spec.ts:30:3 › Bot Studio retains refused saves; accepted saves leave once — 1440 light (4.6s)
macOS build, package, launch	E2E on macOS (source build)	2026-10-02T16:18:21.8853320Z   ✓   3 tests/e2e/bot-safety.spec.ts:102:3 › Preview Bot shares saved look, draft, pause and activity — 960 light (14.4s)
macOS build, package, launch	E2E on macOS (source build)	2026-10-02T16:18:22.0226890Z   ✓   4 tests/e2e/bot-safety.spec.ts:102:3 › Preview Bot shares saved look, draft, pause and activity — 960 dark (14.5s)
macOS build, package, launch	E2E on macOS (source build)	2026-10-02T16:18:24.7297980Z   ✓   7 tests/e2e/bot-safety.spec.ts:30:3 › Bot Studio retains refused saves; accepted saves leave once — 1440 dark (4.5s)
macOS build, package, launch	E2E on macOS (source build)	2026-10-02T16:18:25.2126280Z   ✓   9 tests/e2e/bot-safety.spec.ts:194:1 › Bot onboarding does not navigate after leaving preview (3.2s)
macOS build, package, launch	E2E on macOS (source build)	2026-10-02T16:18:27.3100620Z   ✓   6 tests/e2e/bot-safety.spec.ts:102:3 › Preview Bot shares saved look, draft, pause and activity — 1440 light (11.7s)
macOS build, package, launch	E2E on macOS (source build)	2026-10-02T16:18:27.4031890Z   ✓  11 tests/e2e/chrome.spec.ts:8:3 › native window chrome and en menu (2.2s)
macOS build, package, launch	E2E on macOS (source build)	2026-10-02T16:18:30.0402420Z   ✓  10 tests/e2e/bot-safety.spec.ts:211:1 › Preview Bot locale reset and live-mode boundary (5.3s)
macOS build, package, launch	E2E on macOS (source build)	2026-10-02T16:18:30.0997750Z   ✓  12 tests/e2e/chrome.spec.ts:8:3 › native window chrome and fr menu (2.8s)
macOS build, package, launch	E2E on macOS (source build)	2026-10-02T16:18:35.3419800Z   ✓  15 tests/e2e/components.spec.ts:63:40 › Components catalog: keyboard, clipboard and local demos at minimum window (light) (5.2s)
macOS build, package, launch	E2E on macOS (source build)	2026-10-02T16:18:35.5694910Z   ✓   8 tests/e2e/bot-safety.spec.ts:102:3 › Preview Bot shares saved look, draft, pause and activity — 1440 dark (13.7s)
macOS build, package, launch	E2E on macOS (source build)	2026-10-02T16:18:39.8075980Z   ✓  17 tests/e2e/composer-safety.spec.ts:25:3 › Code keeps cancelled and no-model drafts, locks pending submits — light (4.2s)
macOS build, package, launch	E2E on macOS (source build)	2026-10-02T16:18:40.3513140Z   ✓  16 tests/e2e/components.spec.ts:63:40 › Components catalog: keyboard, clipboard and local demos at minimum window (dark) (5.0s)
macOS build, package, launch	E2E on macOS (source build)	2026-10-02T16:18:44.2637250Z   ✓  19 tests/e2e/composer-safety.spec.ts:25:3 › Code keeps cancelled and no-model drafts, locks pending submits — dark (3.9s)
macOS build, package, launch	E2E on macOS (source build)	2026-10-02T16:18:47.7589890Z   ✓  18 tests/e2e/composer-safety.spec.ts:85:3 › Work and Bot drafts survive engine refusal; accepted sends clear once — light (7.9s)
macOS build, package, launch	E2E on macOS (source build)	2026-10-02T16:18:49.5150950Z   ✓  21 tests/e2e/engine.spec.ts:9:1 › models.dev catalog is listed and searchable through the bridge (1.7s)
macOS build, package, launch	E2E on macOS (source build)	2026-10-02T16:18:51.6589870Z   ✓  22 tests/e2e/engine.spec.ts:23:1 › streamed exchange with a thinking- and image-capable model (2.1s)
macOS build, package, launch	E2E on macOS (source build)	2026-10-02T16:18:51.9780140Z   ✓  20 tests/e2e/composer-safety.spec.ts:85:3 › Work and Bot drafts survive engine refusal; accepted sends clear once — dark (7.7s)
macOS build, package, launch	E2E on macOS (source build)	2026-10-02T16:18:53.9095970Z   ✓  23 tests/e2e/engine.spec.ts:75:1 › an image is refused for a model without image input (2.2s)
macOS build, package, launch	E2E on macOS (source build)	2026-10-02T16:19:00.1833800Z   ✓  25 tests/e2e/frozen-composer.spec.ts:147:3 › live composer capsule geometry, locale labels and attachment safety — light (6.3s)
macOS build, package, launch	E2E on macOS (source build)	2026-10-02T16:19:01.2255660Z   ✓  24 tests/e2e/frozen-composer.spec.ts:24:3 › frozen preview actions and same-URL Chat/Code history — light (9.2s)
macOS build, package, launch	E2E on macOS (source build)	2026-10-02T16:19:07.2960850Z   ✓  27 tests/e2e/frozen-composer.spec.ts:147:3 › live composer capsule geometry, locale labels and attachment safety — dark (6.1s)
macOS build, package, launch	E2E on macOS (source build)	2026-10-02T16:19:09.2348830Z   ✓  26 tests/e2e/frozen-composer.spec.ts:24:3 › frozen preview actions and same-URL Chat/Code history — dark (9.0s)
macOS build, package, launch	E2E on macOS (source build)	2026-10-02T16:19:21.9792440Z   ✓  28 tests/e2e/interaction-states.spec.ts:18:3 › frozen interaction end states — 960 light (14.7s)
macOS build, package, launch	E2E on macOS (source build)	2026-10-02T16:19:22.4236750Z   ✓  29 tests/e2e/interaction-states.spec.ts:18:3 › frozen interaction end states — 960 dark (13.2s)
macOS build, package, launch	E2E on macOS (source build)	2026-10-02T16:19:27.3902430Z   ✓  13 tests/e2e/components.spec.ts:4:40 › Components catalog: families, variants and three-preview ceiling (light) (60.0s)
macOS build, package, launch	E2E on macOS (source build)	2026-10-02T16:19:34.4800540Z   ✓  32 tests/e2e/keyboard.spec.ts:4:1 › hidden navigation cannot receive focus; theme radios and Undo work from the keyboard (7.1s)
macOS build, package, launch	E2E on macOS (source build)	2026-10-02T16:19:36.6405370Z   ✓  30 tests/e2e/interaction-states.spec.ts:18:3 › frozen interaction end states — 1440 light (14.7s)
macOS build, package, launch	E2E on macOS (source build)	2026-10-02T16:19:37.0693100Z   ✓  31 tests/e2e/interaction-states.spec.ts:18:3 › frozen interaction end states — 1440 dark (14.6s)
macOS build, package, launch	E2E on macOS (source build)	2026-10-02T16:19:41.3831730Z   ✓  35 tests/e2e/responsive.spec.ts:10:3 › Work board columns and cards remain reachable — 960 light (4.3s)
macOS build, package, launch	E2E on macOS (source build)	2026-10-02T16:19:41.6076030Z   ✓  14 tests/e2e/components.spec.ts:4:40 › Components catalog: families, variants and three-preview ceiling (dark) (1.2m)
macOS build, package, launch	E2E on macOS (source build)	2026-10-02T16:19:46.0497120Z   ✓  37 tests/e2e/responsive.spec.ts:10:3 › Work board columns and cards remain reachable — 1024 light (4.4s)
macOS build, package, launch	E2E on macOS (source build)	2026-10-02T16:19:46.6282700Z   ✓  36 tests/e2e/responsive.spec.ts:10:3 › Work board columns and cards remain reachable — 960 dark (5.2s)
macOS build, package, launch	E2E on macOS (source build)	2026-10-02T16:19:50.2236040Z   ✓  34 tests/e2e/navigation.spec.ts:4:1 › anchors, native menus and history preserve routes, variants and chat identities (13.6s)
macOS build, package, launch	E2E on macOS (source build)	2026-10-02T16:19:51.0084750Z   ✓  39 tests/e2e/responsive.spec.ts:10:3 › Work board columns and cards remain reachable — 1440 light (4.4s)
macOS build, package, launch	E2E on macOS (source build)	2026-10-02T16:19:52.0604160Z   ✓  38 tests/e2e/responsive.spec.ts:10:3 › Work board columns and cards remain reachable — 1024 dark (6.0s)
macOS build, package, launch	E2E on macOS (source build)	2026-10-02T16:19:54.2600390Z   ✘  33 tests/e2e/keyboard.spec.ts:130:1 › frozen shell motion settles, latest tab wins and hidden menus close (19.8s)
macOS build, package, launch	E2E on macOS (source build)	2026-10-02T16:19:54.4331540Z   ✓  41 tests/e2e/responsive.spec.ts:76:1 › preview navigation loads fixtures and catches startup URL changes (3.4s)
macOS build, package, launch	E2E on macOS (source build)	2026-10-02T16:19:57.3880910Z   ✓  43 tests/e2e/ui-flows.spec.ts:19:1 › a provider key saved in Settings shows only its last four characters (2.9s)
macOS build, package, launch	E2E on macOS (source build)	2026-10-02T16:19:57.3981320Z   ✓  40 tests/e2e/responsive.spec.ts:10:3 › Work board columns and cards remain reachable — 1440 dark (7.2s)
macOS build, package, launch	E2E on macOS (source build)	2026-10-02T16:20:04.2743510Z   ✓  45 tests/e2e/ui-flows.spec.ts:26:1 › streamed exchange with thinking and an image, driven from the composer (6.9s)
macOS build, package, launch	E2E on macOS (source build)	2026-10-02T16:20:06.8836740Z   ✓  42 tests/e2e/responsive.spec.ts:108:1 › review, diff, canvas and computer controls remain reachable in small desktop windows (14.8s)
macOS build, package, launch	E2E on macOS (source build)	2026-10-02T16:20:14.0730500Z   ✓  46 tests/e2e/ui-flows.spec.ts:64:1 › rejected sends keep the draft and attachments; retry resends the image (16.7s)
macOS build, package, launch	E2E on macOS (source build)	2026-10-02T16:21:22.7478670Z rendered 426 screen states
macOS build, package, launch	E2E on macOS (source build)	2026-10-02T16:21:22.7542460Z   ✓  44 tests/e2e/screens.spec.ts:10:1 › every design screen and state renders (1.5m)
macOS build, package, launch	E2E on macOS (source build)	2026-10-02T16:21:22.7617920Z
macOS build, package, launch	E2E on macOS (source build)	2026-10-02T16:21:22.7619730Z
macOS build, package, launch	E2E on macOS (source build)	2026-10-02T16:21:22.7626520Z   1) tests/e2e/keyboard.spec.ts:130:1 › frozen shell motion settles, latest tab wins and hidden menus close
macOS build, package, launch	E2E on macOS (source build)	2026-10-02T16:21:22.7627870Z
macOS build, package, launch	E2E on macOS (source build)	2026-10-02T16:21:22.7628740Z     Error: expect(page).toHaveURL(expected) failed
macOS build, package, launch	E2E on macOS (source build)	2026-10-02T16:21:22.7628930Z
macOS build, package, launch	E2E on macOS (source build)	2026-10-02T16:21:22.7629040Z     Expected pattern: /#\/work-home\?/
macOS build, package, launch	E2E on macOS (source build)	2026-10-02T16:21:22.7629370Z     Received string:  "cortex://app/index.html#/home?preview=&theme=light"
macOS build, package, launch	E2E on macOS (source build)	2026-10-02T16:21:22.7629630Z     Timeout: 15000ms
macOS build, package, launch	E2E on macOS (source build)	2026-10-02T16:21:22.7629710Z
macOS build, package, launch	E2E on macOS (source build)	2026-10-02T16:21:22.7629760Z     Call log:
macOS build, package, launch	E2E on macOS (source build)	2026-10-02T16:21:22.7629920Z       - Expect "toHaveURL" with timeout 15000ms
macOS build, package, launch	E2E on macOS (source build)	2026-10-02T16:21:22.7630340Z         34 × locator resolved to <html lang="en" data-theme="light">…</html>
macOS build, package, launch	E2E on macOS (source build)	2026-10-02T16:21:22.7630710Z            - unexpected value "cortex://app/index.html#/home?preview=&theme=light"
macOS build, package, launch	E2E on macOS (source build)	2026-10-02T16:21:22.7630950Z
macOS build, package, launch	E2E on macOS (source build)	2026-10-02T16:21:22.7630960Z
macOS build, package, launch	E2E on macOS (source build)	2026-10-02T16:21:22.7631070Z       155 |     await expect(work).toBeFocused();
macOS build, package, launch	E2E on macOS (source build)	2026-10-02T16:21:22.7631330Z       156 |     await page.keyboard.press("Enter");
macOS build, package, launch	E2E on macOS (source build)	2026-10-02T16:21:22.7631610Z     > 157 |     await expect(page).toHaveURL(/#\/work-home\?/);
macOS build, package, launch	E2E on macOS (source build)	2026-10-02T16:21:22.7631850Z           |                        ^
macOS build, package, launch	E2E on macOS (source build)	2026-10-02T16:21:22.7632030Z       158 |     await expect(work).toBeFocused();
macOS build, package, launch	E2E on macOS (source build)	2026-10-02T16:21:22.7632200Z       159 |
macOS build, package, launch	E2E on macOS (source build)	2026-10-02T16:21:22.7632480Z       160 |     const themes = page.getByRole("radiogroup", { name: "Theme", exact: true });
macOS build, package, launch	E2E on macOS (source build)	2026-10-02T16:21:22.7632900Z         at /Users/runner/_work/desktop/desktop/tests/e2e/keyboard.spec.ts:157:24
macOS build, package, launch	E2E on macOS (source build)	2026-10-02T16:21:22.7633060Z
macOS build, package, launch	E2E on macOS (source build)	2026-10-02T16:21:22.7633350Z     attachment #1: screenshot (image/png) ──────────────────────────────────────────────────────────
macOS build, package, launch	E2E on macOS (source build)	2026-10-02T16:21:22.7633830Z     test-results/artifacts/keyboard-frozen-shell-moti-289d0-wins-and-hidden-menus-close/test-failed-1.png
macOS build, package, launch	E2E on macOS (source build)	2026-10-02T16:21:22.7634360Z     ────────────────────────────────────────────────────────────────────────────────────────────────
macOS build, package, launch	E2E on macOS (source build)	2026-10-02T16:21:22.7634510Z
macOS build, package, launch	E2E on macOS (source build)	2026-10-02T16:21:22.7634820Z     Error Context: test-results/artifacts/keyboard-frozen-shell-moti-289d0-wins-and-hidden-menus-close/error-context.md
macOS build, package, launch	E2E on macOS (source build)	2026-10-02T16:21:22.7635110Z
macOS build, package, launch	E2E on macOS (source build)	2026-10-02T16:21:22.7635330Z     attachment #3: trace (application/zip) ─────────────────────────────────────────────────────────
macOS build, package, launch	E2E on macOS (source build)	2026-10-02T16:21:22.7635760Z     test-results/artifacts/keyboard-frozen-shell-moti-289d0-wins-and-hidden-menus-close/trace.zip
macOS build, package, launch	E2E on macOS (source build)	2026-10-02T16:21:22.7636040Z     Usage:
macOS build, package, launch	E2E on macOS (source build)	2026-10-02T16:21:22.7636120Z
macOS build, package, launch	E2E on macOS (source build)	2026-10-02T16:21:22.7636440Z         npx playwright show-trace test-results/artifacts/keyboard-frozen-shell-moti-289d0-wins-and-hidden-menus-close/trace.zip
macOS build, package, launch	E2E on macOS (source build)	2026-10-02T16:21:22.7636710Z
macOS build, package, launch	E2E on macOS (source build)	2026-10-02T16:21:22.7636960Z     ────────────────────────────────────────────────────────────────────────────────────────────────
macOS build, package, launch	E2E on macOS (source build)	2026-10-02T16:21:22.7637130Z
macOS build, package, launch	E2E on macOS (source build)	2026-10-02T16:21:22.7637200Z   1 failed
macOS build, package, launch	E2E on macOS (source build)	2026-10-02T16:21:22.7637510Z     tests/e2e/keyboard.spec.ts:130:1 › frozen shell motion settles, latest tab wins and hidden menus close
macOS build, package, launch	E2E on macOS (source build)	2026-10-02T16:21:22.7637840Z   45 passed (3.3m)
macOS build, package, launch	E2E on macOS (source build)	2026-10-02T16:21:22.9459600Z error: script "test:e2e" exited with code 1
macOS build, package, launch	E2E on macOS (source build)	2026-10-02T16:21:22.9470300Z ##[error]Process completed with exit code 1.
