chat-dark 0.15
chat-light 0.15
code-session-dark 0
code-session-light 0
work-home~board-dark 0.01
work-home~board-light 0.01
work-home~list-dark 0.02
work-home~list-light 0
work-home~empty-dark 0.03
work-home~empty-light 0.04
work-home~loading-dark 0.01
work-home~loading-light 0.01
work-task~running-dark 0.01
work-task~running-light 0.01
work-task~computer-dark 0.02
work-task~computer-light 0.02
work-task~takeover-dark 0.01
work-task~takeover-light 0.01
work-task~approval-dark 0.01
work-task~approval-light 0.01
work-task~blocked-dark 0.03
work-task~blocked-light 0.04
work-task~done-dark 0.42
work-task~done-light 0.45
work-task~failed-dark 0.02
work-task~failed-light 0.02
work-task~paused-dark 0.01
work-task~paused-light 0.01
Captured 28; compared 28; missing reference 0
