node:internal/modules/run_main:123
    triggerUncaughtException(
    ^

ExpectError: expect(locator).toBeChecked() failed

Locator: getByRole('switch', { name: 'Memory', exact: true })
Expected: checked
Timeout: 5000ms
Error: element(s) not found

Call log:
  - Expect "toBeChecked" getByRole('switch', { name: 'Memory', exact: true }) with timeout 5000ms
  - waiting for getByRole('switch', { name: 'Memory', exact: true })

    at captureRawStack (/root/.local/share/opencode/worktree/b489da9add1907e124bad2dfd49e8423fbd978b1/goal-desktop-rewrite/node_modules/.bun/playwright-core@1.63.0/node_modules/playwright-core/lib/coreBundle.js:8588:17)
    at callMatcherAsStep (/root/.local/share/opencode/worktree/b489da9add1907e124bad2dfd49e8423fbd978b1/goal-desktop-rewrite/node_modules/.bun/playwright@1.63.0/node_modules/playwright/lib/matchers/expect.js:13310:57)
    at Object.toBeChecked (/root/.local/share/opencode/worktree/b489da9add1907e124bad2dfd49e8423fbd978b1/goal-desktop-rewrite/node_modules/.bun/playwright@1.63.0/node_modules/playwright/lib/matchers/expect.js:13302:23)
    at /var/tmp/opencode/memory-switch-baseline.mjs:13:100 {
  matcherResult: {
    message: 'expect(locator).toBeChecked() failed\n' +
      '\n' +
      "Locator: getByRole('switch', { name: 'Memory', exact: true })\n" +
      'Expected: checked\n' +
      'Timeout: 5000ms\n' +
      'Error: element(s) not found\n' +
      '\n' +
      'Call log:\n' +
      `  - Expect "toBeChecked" getByRole('switch', { name: 'Memory', exact: true }) with timeout 5000ms\n` +
      "  - waiting for getByRole('switch', { name: 'Memory', exact: true })\n",
    pass: false,
    actual: undefined,
    name: 'toBeChecked',
    expected: 'checked',
    log: [
      `  - Expect "toBeChecked" getByRole('switch', { name: 'Memory', exact: true }) with timeout 5000ms`,
      "  - waiting for getByRole('switch', { name: 'Memory', exact: true })"
    ],
    timeout: 5000,
    ariaSnapshot: '- button "Hide sidebar"\n' +
      '- button "Back" [disabled]\n' +
      '- button "Forward" [disabled]\n' +
      '- button "Share"\n' +
      '- button "Focus mode"\n' +
      '- navigation "Main navigation":\n' +
      '  - button "Home"\n' +
      '  - button "Library"\n' +
      '  - button "History"\n' +
      '  - button "Bot team"\n' +
      '  - button "Activity"\n' +
      '  - button "More"\n' +
      '  - radiogroup "Theme":\n' +
      '    - radio "System"\n' +
      '    - radio "Dark"\n' +
      '    - radio "Light" [checked]\n' +
      '  - button "Settings"\n' +
      '- complementary "Sidebar":\n' +
      '  - button "Cortex"\n' +
      '  - button "Notifications"\n' +
      '  - button "Search"\n' +
      '  - button "New chat"\n' +
      '  - button "Create your Bot"\n' +
      '  - text: Tools\n' +
      '  - button "Web search"\n' +
      '  - button "Documents"\n' +
      '  - button "Images"\n' +
      '  - button "Automations"\n' +
      '  - text: Projects\n' +
      '  - button "New project"\n' +
      '  - button "Projects"\n' +
      '  - text: Recents\n' +
      '  - button "New chat"\n' +
      '  - text: Your chats will appear here.\n' +
      '  - button "Getting started 0 of 5":\n' +
      '    - img\n' +
      '    - text: Getting started 0 of 5\n' +
      '- main:\n' +
      '  - text: Settings\n' +
      '  - navigation "Sections":\n' +
      '    - button "General"\n' +
      '    - button "Appearance"\n' +
      '    - button "Bot"\n' +
      '    - button "Notifications"\n' +
      '    - button "Privacy"\n' +
      '    - button "Shortcuts"\n' +
      '    - button "Account"\n' +
      '    - button "Providers"\n' +
      '    - button "Connection"\n' +
      '  - text: Privacy Improve the models Use your conversations for training\n' +
      '  - switch "Improve the models Use your conversations for training Improve the models"\n' +
      '  - text: Memory Cortex remembers your preferences across chats\n' +
      '  - switch "Memory Cortex remembers your preferences across chats Memory" [checked]\n' +
      '  - text: Temporary chats by default Deleted after 30 days\n' +
      '  - switch "Temporary chats by default Deleted after 30 days Temporary chats by default"\n' +
      '- region "Notifications"'
  }
}

Node.js v22.23.3
