
Running 2 tests using 1 worker

  ✘  1 tests/e2e/ui-flows.spec.ts:19:40 › provider key save, reload and removal stay readable — light (20.4s)
  ✘  2 tests/e2e/ui-flows.spec.ts:19:40 › provider key save, reload and removal stay readable — dark (20.4s)


  1) tests/e2e/ui-flows.spec.ts:19:40 › provider key save, reload and removal stay readable — light › 960px

    Error: 960px light: model context, cost and capabilities remain readable

    960px light: model context, cost and capabilities remain readable

    expect(received).toEqual(expected) // deep equality

    - Expected  - 1
    + Received  + 4

    - Array []
    + Array [
    +   "Reasoner Large: model information is clipped or covered",
    +   "100K context · $1 / $2 per 1M: model information is clipped or covered",
    + ]

    Call Log:
    - Timeout 15000ms exceeded while waiting on the predicate

      85 |         }
      86 |         return issues;
    > 87 |       }), { message: `${width}px ${theme}: model context, cost and capabilities remain readable` }).toEqual([]);
         |                                                                                                     ^
      88 |       const shot = test.info().outputPath(`provider-key-${width}-${theme}.png`);
      89 |       await page.screenshot({ path: shot, animations: "disabled" });
      90 |       await test.info().attach(`provider-key-${width}-${theme}`, { path: shot, contentType: "image/png" });
        at /root/.local/share/opencode/worktree/b489da9add1907e124bad2dfd49e8423fbd978b1/goal-desktop-rewrite/tests/e2e/ui-flows.spec.ts:87:101
        at /root/.local/share/opencode/worktree/b489da9add1907e124bad2dfd49e8423fbd978b1/goal-desktop-rewrite/tests/e2e/ui-flows.spec.ts:38:44

    attachment #1: screenshot (image/png) ──────────────────────────────────────────────────────────
    ../../../../../../../tmp/opencode/provider-metadata-before/ui-flows-provider-key-save-0b34e-moval-stay-readable-—-light/test-failed-1.png
    ────────────────────────────────────────────────────────────────────────────────────────────────

    Error Context: ../../../../../../../tmp/opencode/provider-metadata-before/ui-flows-provider-key-save-0b34e-moval-stay-readable-—-light/error-context.md

    attachment #3: trace (application/zip) ─────────────────────────────────────────────────────────
    ../../../../../../../tmp/opencode/provider-metadata-before/ui-flows-provider-key-save-0b34e-moval-stay-readable-—-light/trace.zip
    Usage:

        npx playwright show-trace ../../../../../../../tmp/opencode/provider-metadata-before/ui-flows-provider-key-save-0b34e-moval-stay-readable-—-light/trace.zip

    ────────────────────────────────────────────────────────────────────────────────────────────────

  2) tests/e2e/ui-flows.spec.ts:19:40 › provider key save, reload and removal stay readable — dark › 960px

    Error: 960px dark: model context, cost and capabilities remain readable

    960px dark: model context, cost and capabilities remain readable

    expect(received).toEqual(expected) // deep equality

    - Expected  - 1
    + Received  + 4

    - Array []
    + Array [
    +   "Reasoner Large: model information is clipped or covered",
    +   "100K context · $1 / $2 per 1M: model information is clipped or covered",
    + ]

    Call Log:
    - Timeout 15000ms exceeded while waiting on the predicate

      85 |         }
      86 |         return issues;
    > 87 |       }), { message: `${width}px ${theme}: model context, cost and capabilities remain readable` }).toEqual([]);
         |                                                                                                     ^
      88 |       const shot = test.info().outputPath(`provider-key-${width}-${theme}.png`);
      89 |       await page.screenshot({ path: shot, animations: "disabled" });
      90 |       await test.info().attach(`provider-key-${width}-${theme}`, { path: shot, contentType: "image/png" });
        at /root/.local/share/opencode/worktree/b489da9add1907e124bad2dfd49e8423fbd978b1/goal-desktop-rewrite/tests/e2e/ui-flows.spec.ts:87:101
        at /root/.local/share/opencode/worktree/b489da9add1907e124bad2dfd49e8423fbd978b1/goal-desktop-rewrite/tests/e2e/ui-flows.spec.ts:38:44

    attachment #1: screenshot (image/png) ──────────────────────────────────────────────────────────
    ../../../../../../../tmp/opencode/provider-metadata-before/ui-flows-provider-key-save-468c9-emoval-stay-readable-—-dark/test-failed-1.png
    ────────────────────────────────────────────────────────────────────────────────────────────────

    Error Context: ../../../../../../../tmp/opencode/provider-metadata-before/ui-flows-provider-key-save-468c9-emoval-stay-readable-—-dark/error-context.md

    attachment #3: trace (application/zip) ─────────────────────────────────────────────────────────
    ../../../../../../../tmp/opencode/provider-metadata-before/ui-flows-provider-key-save-468c9-emoval-stay-readable-—-dark/trace.zip
    Usage:

        npx playwright show-trace ../../../../../../../tmp/opencode/provider-metadata-before/ui-flows-provider-key-save-468c9-emoval-stay-readable-—-dark/trace.zip

    ────────────────────────────────────────────────────────────────────────────────────────────────

  2 failed
    tests/e2e/ui-flows.spec.ts:19:40 › provider key save, reload and removal stay readable — light ─
    tests/e2e/ui-flows.spec.ts:19:40 › provider key save, reload and removal stay readable — dark ──
