✖ generated methods preserve HeadersInit forms and explicit header removal (18.051886ms)
ℹ tests 1
ℹ suites 0
ℹ pass 0
ℹ fail 1
ℹ cancelled 0
ℹ skipped 0
ℹ todo 0
ℹ duration_ms 150.561082

✖ failing tests:

test at test/runtime.test.mjs:476:1
✖ generated methods preserve HeadersInit forms and explicit header removal (18.051886ms)
  AssertionError [ERR_ASSERTION]: Expected values to be strictly equal:
  + actual - expected

  + null
  - 'Bearer caller'

      at fetch (file:///root/.local/share/opencode/worktree/77e7f3a6389915e58f4ac7433a96efadcf1c8c67/goal-sdk/packages/sdk/test/runtime.test.mjs:478:12)
      at send (file:///root/.local/share/opencode/worktree/77e7f3a6389915e58f4ac7433a96efadcf1c8c67/goal-sdk/packages/sdk/dist/client.js:88:25)
      at requestWithAuth (file:///root/.local/share/opencode/worktree/77e7f3a6389915e58f4ac7433a96efadcf1c8c67/goal-sdk/packages/sdk/dist/client.js:147:27)
      at async request (file:///root/.local/share/opencode/worktree/77e7f3a6389915e58f4ac7433a96efadcf1c8c67/goal-sdk/packages/sdk/dist/gen/client/client.gen.js:59:24)
      at async TestContext.<anonymous> (file:///root/.local/share/opencode/worktree/77e7f3a6389915e58f4ac7433a96efadcf1c8c67/goal-sdk/packages/sdk/test/runtime.test.mjs:487:5)
      at async Test.run (node:internal/test_runner/test:1409:7)
      at async startSubtestAfterBootstrap (node:internal/test_runner/harness:387:3) {
    generatedMessage: true,
    code: 'ERR_ASSERTION',
    actual: null,
    expected: 'Bearer caller',
    operator: 'strictEqual',
    diff: 'simple'
  }
