> @cortex/sdk@0.3.5 pack:vendor
> node scripts/pack.mjs /root/cortex-goals/releases/sdk-0.3.5-5b7e9d1c3fa2

npm notice
npm notice 📦  @cortex/api-types@0.2.0
npm notice Tarball Contents
npm notice 1.4kB dist/admin-support.d.ts
npm notice 1.1kB dist/admin-support.d.ts.map
npm notice 52B dist/admin-support.js
npm notice 118B dist/admin-support.js.map
npm notice 11.9kB dist/bot.d.ts
npm notice 8.8kB dist/bot.d.ts.map
npm notice 359B dist/bot.js
npm notice 113B dist/bot.js.map
npm notice 2.9kB dist/cli.d.ts
npm notice 2.1kB dist/cli.d.ts.map
npm notice 347B dist/cli.js
npm notice 113B dist/cli.js.map
npm notice 5.1kB dist/client.d.ts
npm notice 1.8kB dist/client.d.ts.map
npm notice 7.5kB dist/client.js
npm notice 5.6kB dist/client.js.map
npm notice 5.4kB dist/design.d.ts
npm notice 5.0kB dist/design.d.ts.map
npm notice 276B dist/design.js
npm notice 118B dist/design.js.map
npm notice 8.6kB dist/errors.d.ts
npm notice 3.0kB dist/errors.d.ts.map
npm notice 4.9kB dist/errors.js
npm notice 2.1kB dist/errors.js.map
npm notice 3.4kB dist/exports.d.ts
npm notice 3.5kB dist/exports.d.ts.map
npm notice 307B dist/exports.js
npm notice 120B dist/exports.js.map
npm notice 804B dist/feedback.d.ts
npm notice 732B dist/feedback.d.ts.map
npm notice 47B dist/feedback.js
npm notice 108B dist/feedback.js.map
npm notice 5.6kB dist/ids.d.ts
npm notice 2.8kB dist/ids.d.ts.map
npm notice 3.6kB dist/ids.js
npm notice 2.0kB dist/ids.js.map
npm notice 11.7kB dist/index.d.ts
npm notice 6.0kB dist/index.d.ts.map
npm notice 2.1kB dist/index.js
npm notice 523B dist/index.js.map
npm notice 3.5kB dist/library.d.ts
npm notice 2.5kB dist/library.d.ts.map
npm notice 310B dist/library.js
npm notice 120B dist/library.js.map
npm notice 3.7kB dist/projects.d.ts
npm notice 2.8kB dist/projects.d.ts.map
npm notice 322B dist/projects.js
npm notice 122B dist/projects.js.map
npm notice 6.0kB dist/realtime.d.ts
npm notice 5.7kB dist/realtime.d.ts.map
npm notice 371B dist/realtime.js
npm notice 123B dist/realtime.js.map
npm notice 2.2kB dist/science.d.ts
npm notice 2.0kB dist/science.d.ts.map
npm notice 314B dist/science.js
npm notice 120B dist/science.js.map
npm notice 19.1kB dist/streaming.d.ts
npm notice 9.9kB dist/streaming.d.ts.map
npm notice 23.0kB dist/streaming.js
npm notice 16.4kB dist/streaming.js.map
npm notice 2.6kB dist/support-automation.d.ts
npm notice 2.0kB dist/support-automation.d.ts.map
npm notice 57B dist/support-automation.js
npm notice 128B dist/support-automation.js.map
npm notice 747B package.json
npm notice 1.3kB src/admin-support.ts
npm notice 11.3kB src/bot.ts
npm notice 2.7kB src/cli.ts
npm notice 10.4kB src/client.ts
npm notice 5.2kB src/design.ts
npm notice 10.4kB src/errors.ts
npm notice 3.3kB src/exports.ts
npm notice 742B src/feedback.ts
npm notice 6.2kB src/ids.ts
npm notice 11.3kB src/index.ts
npm notice 3.4kB src/library.ts
npm notice 3.6kB src/projects.ts
npm notice 5.9kB src/realtime.ts
npm notice 2.0kB src/science.ts
npm notice 37.5kB src/streaming.ts
npm notice 2.5kB src/support-automation.ts
npm notice Tarball Details
npm notice name: @cortex/api-types
npm notice version: 0.2.0
npm notice filename: cortex-api-types-0.2.0.tgz
npm notice package size: 70.2 kB
npm notice unpacked size: 343.7 kB
npm notice shasum: 1011dc360230476896fad014f71c950e209198e2
npm notice integrity: sha512-7QSJoj6PW0L1p[...]JIcgvEqB+AMAQ==
npm notice total files: 81
npm notice
npm notice
npm notice 📦  @cortex/sdk@0.3.5
npm notice Tarball Contents
npm notice 12.2kB README.md
npm notice 4.5kB dist/client.d.ts
npm notice 14.0kB dist/client.js
npm notice 704B dist/gen/client.gen.d.ts
npm notice 234B dist/gen/client.gen.js
npm notice 118B dist/gen/client/client.gen.d.ts
npm notice 8.4kB dist/gen/client/client.gen.js
npm notice 810B dist/gen/client/index.d.ts
npm notice 422B dist/gen/client/index.js
npm notice 6.3kB dist/gen/client/types.gen.d.ts
npm notice 65B dist/gen/client/types.gen.js
npm notice 2.3kB dist/gen/client/utils.gen.d.ts
npm notice 7.4kB dist/gen/client/utils.gen.js
npm notice 756B dist/gen/core/auth.gen.d.ts
npm notice 411B dist/gen/core/auth.gen.js
npm notice 1.0kB dist/gen/core/bodySerializer.gen.d.ts
npm notice 1.8kB dist/gen/core/bodySerializer.gen.js
npm notice 1.2kB dist/gen/core/params.gen.d.ts
npm notice 3.3kB dist/gen/core/params.gen.js
npm notice 1.5kB dist/gen/core/pathSerializer.gen.d.ts
npm notice 3.5kB dist/gen/core/pathSerializer.gen.js
npm notice 703B dist/gen/core/queryKeySerializer.gen.d.ts
npm notice 2.7kB dist/gen/core/queryKeySerializer.gen.js
npm notice 2.5kB dist/gen/core/serverSentEvents.gen.d.ts
npm notice 6.3kB dist/gen/core/serverSentEvents.gen.js
npm notice 3.4kB dist/gen/core/types.gen.d.ts
npm notice 65B dist/gen/core/types.gen.js
npm notice 718B dist/gen/core/utils.gen.d.ts
npm notice 3.1kB dist/gen/core/utils.gen.js
npm notice 51.4kB dist/gen/index.d.ts
npm notice 2.9kB dist/gen/index.js
npm notice 159.1kB dist/gen/sdk.gen.d.ts
npm notice 391.1kB dist/gen/sdk.gen.js
npm notice 222.6kB dist/gen/types.gen.d.ts
npm notice 65B dist/gen/types.gen.js
npm notice 779B dist/index.d.ts
npm notice 461B dist/index.js
npm notice 3.1kB dist/stream.d.ts
npm notice 10.2kB dist/stream.js
npm notice 1.3kB package.json
npm notice 17.0kB src/client.ts
npm notice 892B src/gen/client.gen.ts
npm notice 7.9kB src/gen/client/client.gen.ts
npm notice 891B src/gen/client/index.ts
npm notice 6.7kB src/gen/client/types.gen.ts
npm notice 8.6kB src/gen/client/utils.gen.ts
npm notice 1.1kB src/gen/core/auth.gen.ts
npm notice 2.5kB src/gen/core/bodySerializer.gen.ts
npm notice 4.2kB src/gen/core/params.gen.ts
npm notice 4.3kB src/gen/core/pathSerializer.gen.ts
npm notice 2.9kB src/gen/core/queryKeySerializer.gen.ts
npm notice 7.3kB src/gen/core/serverSentEvents.gen.ts
npm notice 3.5kB src/gen/core/types.gen.ts
npm notice 3.4kB src/gen/core/utils.gen.ts
npm notice 51.4kB src/gen/index.ts
npm notice 550.7kB src/gen/sdk.gen.ts
npm notice 224.4kB src/gen/types.gen.ts
npm notice 779B src/index.ts
npm notice 11.0kB src/stream.ts
npm notice Tarball Details
npm notice name: @cortex/sdk
npm notice version: 0.3.5
npm notice filename: cortex-sdk-0.3.5.tgz
npm notice package size: 164.8 kB
npm notice unpacked size: 1.8 MB
npm notice shasum: bfa5f97f024ff994375b4a96ea594c1a974a3d08
npm notice integrity: sha512-09LLUxPEVrQyl[...]HqWFBFXRid2cA==
npm notice total files: 59
npm notice
/root/cortex-goals/releases/sdk-0.3.5-5b7e9d1c3fa2/cortex-api-types-0.2.0.tgz
/root/cortex-goals/releases/sdk-0.3.5-5b7e9d1c3fa2/cortex-sdk-0.3.5.tgz
