{
  "checks": "passed",
  "records": [
    {
      "label": "app-dark-natural",
      "assignedAtMs": [
        550.3
      ],
      "fontResponseEndMs": 603.3000000119209,
      "fontLoadingDoneMs": 635.2,
      "fontLoadingDoneScrollTop": 240,
      "settledScrollTop": 240,
      "settledCriteriaY": 129,
      "normalizedCriteriaY": 109,
      "initialPlatformFonts": [
        {
          "familyName": "Geist",
          "postScriptName": "Geist-Regular",
          "isCustomFont": true,
          "glyphCount": 84
        }
      ],
      "settledPlatformFonts": [
        {
          "familyName": "Geist",
          "postScriptName": "Geist-Regular",
          "isCustomFont": true,
          "glyphCount": 84
        }
      ]
    },
    {
      "label": "frozen-dark-natural",
      "assignedAtMs": [
        696.4,
        708.8
      ],
      "fontResponseEndMs": 777.3999999910593,
      "fontLoadingDoneMs": 797.2,
      "fontLoadingDoneScrollTop": 240,
      "settledScrollTop": 240,
      "settledCriteriaY": 129,
      "normalizedCriteriaY": 109,
      "initialPlatformFonts": [
        {
          "familyName": "Geist",
          "postScriptName": "Geist-Regular",
          "isCustomFont": true,
          "glyphCount": 84
        }
      ],
      "settledPlatformFonts": [
        {
          "familyName": "Geist",
          "postScriptName": "Geist-Regular",
          "isCustomFont": true,
          "glyphCount": 84
        }
      ]
    },
    {
      "label": "app-light-natural",
      "assignedAtMs": [
        572.6
      ],
      "fontResponseEndMs": 609.8999999910593,
      "fontLoadingDoneMs": 619.3,
      "fontLoadingDoneScrollTop": 240,
      "settledScrollTop": 240,
      "settledCriteriaY": 129,
      "normalizedCriteriaY": 109,
      "initialPlatformFonts": [
        {
          "familyName": "DejaVu Sans",
          "postScriptName": "DejaVuSans",
          "isCustomFont": false,
          "glyphCount": 83
        }
      ],
      "settledPlatformFonts": [
        {
          "familyName": "Geist",
          "postScriptName": "Geist-Regular",
          "isCustomFont": true,
          "glyphCount": 84
        }
      ]
    },
    {
      "label": "frozen-light-natural",
      "assignedAtMs": [
        769.4,
        784.2
      ],
      "fontResponseEndMs": 839.0999999940395,
      "fontLoadingDoneMs": 862,
      "fontLoadingDoneScrollTop": 240,
      "settledScrollTop": 240,
      "settledCriteriaY": 129,
      "normalizedCriteriaY": 109,
      "initialPlatformFonts": [
        {
          "familyName": "Geist",
          "postScriptName": "Geist-Regular",
          "isCustomFont": true,
          "glyphCount": 84
        }
      ],
      "settledPlatformFonts": [
        {
          "familyName": "Geist",
          "postScriptName": "Geist-Regular",
          "isCustomFont": true,
          "glyphCount": 84
        }
      ]
    },
    {
      "label": "app-dark-anchor-off",
      "assignedAtMs": [
        558
      ],
      "fontResponseEndMs": 609.7999999970198,
      "fontLoadingDoneMs": 620.1,
      "fontLoadingDoneScrollTop": 260,
      "settledScrollTop": 260,
      "settledCriteriaY": 109,
      "normalizedCriteriaY": 109,
      "initialPlatformFonts": [
        {
          "familyName": "DejaVu Sans",
          "postScriptName": "DejaVuSans",
          "isCustomFont": false,
          "glyphCount": 83
        }
      ],
      "settledPlatformFonts": [
        {
          "familyName": "Geist",
          "postScriptName": "Geist-Regular",
          "isCustomFont": true,
          "glyphCount": 84
        }
      ]
    },
    {
      "label": "frozen-dark-anchor-off",
      "assignedAtMs": [
        726.3,
        740
      ],
      "fontResponseEndMs": 798.3000000119209,
      "fontLoadingDoneMs": 808.5,
      "fontLoadingDoneScrollTop": 260,
      "settledScrollTop": 260,
      "settledCriteriaY": 109,
      "normalizedCriteriaY": 109,
      "initialPlatformFonts": [
        {
          "familyName": "Geist",
          "postScriptName": "Geist-Regular",
          "isCustomFont": true,
          "glyphCount": 84
        }
      ],
      "settledPlatformFonts": [
        {
          "familyName": "Geist",
          "postScriptName": "Geist-Regular",
          "isCustomFont": true,
          "glyphCount": 84
        }
      ]
    }
  ],
  "appAssets": [
    {
      "url": "http://127.0.0.1:5399/assets/index-C819_olH.css",
      "sha256": "8eab8f3365c7b6adfdf6a2d45bcb87990327e9d8cd9814c27730b464d71d9a15",
      "bytes": 204836
    },
    {
      "url": "http://127.0.0.1:5399/assets/index-Cn6F3kLZ.js",
      "sha256": "d2365f426db34fe276ec2a843f21931ebb6b666f7c02c760aabc810ade330722",
      "bytes": 2420658
    }
  ]
}
