canvas~document-dark 0.01
canvas~document-light 0.01
canvas~code-dark 0.06
canvas~code-light 0.06
canvas~selection-dark 0.01
canvas~selection-light 0.01
canvas~generation-dark 0.02
canvas~generation-light 0.03
canvas~compare-dark 0.01
canvas~compare-light 0.01
code-session-dark 0
code-session-light 0
code-review~review-dark 0.06
code-review~review-light 0.06
code-review~applied-dark 0.01
code-review~applied-light 0.01
code-review~approved-dark 0.01
code-review~approved-light 0.01
code-diff~unified-dark 0
code-diff~unified-light 0
code-diff~split-dark 0
code-diff~split-light 0
code-diff~comment-dark 0.01
code-diff~comment-light 0.01
code-diff~conflict-dark 0.06
code-diff~conflict-light 0.07
login~email-dark 0
login~email-light 0
login~code-dark 0.05
login~code-light 0.05
login~error-dark 0.05
login~error-light 0.05
login~loading-dark 0.01
login~loading-light 0.01
login~locked-dark 0.02
login~locked-light 0.03
settings~general-dark 0.06
settings~general-light 0.06
settings~appearance-dark no-design-shot
settings~appearance-light no-design-shot
settings~providers-dark no-design-shot
settings~providers-light no-design-shot
settings~connection-dark no-design-shot
settings~connection-light no-design-shot
settings~bot-dark no-design-shot
settings~bot-light no-design-shot
settings~notifications-dark no-design-shot
settings~notifications-light no-design-shot
settings~privacy-dark no-design-shot
settings~privacy-light no-design-shot
settings~shortcuts-dark no-design-shot
settings~shortcuts-light no-design-shot
settings~account-dark no-design-shot
settings~account-light no-design-shot
work-task~running-dark 0.01
work-task~running-light 0.01
work-task~computer-dark 0.01
work-task~computer-light 0.01
work-task~takeover-dark 0.01
work-task~takeover-light 0.01
work-task~approval-dark 0.01
work-task~approval-light 0.01
work-task~blocked-dark 0.03
work-task~blocked-light 0.04
work-task~done-dark 0
work-task~done-light 0
work-task~failed-dark 0.02
work-task~failed-light 0.02
work-task~paused-dark 0.01
work-task~paused-light 0.01
Captured 70; compared 54; missing reference 16
