Running 26 tests using 4 workers

  ✓   2 tests/e2e/bot-safety.spec.ts:30:3 › Bot Studio retains refused saves; accepted saves leave once — 960 light (2.0s)
  ✓   4 tests/e2e/bot-safety.spec.ts:30:3 › Bot Studio retains refused saves; accepted saves leave once — 960 dark (2.0s)
  ✓   5 tests/e2e/bot-safety.spec.ts:30:3 › Bot Studio retains refused saves; accepted saves leave once — 1440 light (2.0s)
  ✓   7 tests/e2e/bot-safety.spec.ts:30:3 › Bot Studio retains refused saves; accepted saves leave once — 1440 dark (2.2s)
  ✓   3 tests/e2e/bot-safety.spec.ts:102:3 › Preview Bot shares saved look, draft, pause and activity — 960 dark (8.7s)
  ✓   1 tests/e2e/bot-safety.spec.ts:102:3 › Preview Bot shares saved look, draft, pause and activity — 960 light (8.7s)
  ✓   6 tests/e2e/bot-safety.spec.ts:102:3 › Preview Bot shares saved look, draft, pause and activity — 1440 light (7.9s)
  ✓   9 tests/e2e/bot-safety.spec.ts:194:1 › Bot onboarding does not navigate after leaving preview (1.5s)
  ✓  10 tests/e2e/bot-safety.spec.ts:211:1 › Preview Bot locale reset and live-mode boundary (2.2s)
  ✓  11 tests/e2e/navigation.spec.ts:4:1 › skipped native route and theme transitions preserve updates and report callback errors (3.2s)
  ✓  12 tests/e2e/code-diff-scroll.spec.ts:9:1 › Code diff bodies wheel-scroll to real write tails while headers stay visible (3.7s)
  ✓   8 tests/e2e/bot-safety.spec.ts:102:3 › Preview Bot shares saved look, draft, pause and activity — 1440 dark (7.8s)
  ✓  13 tests/e2e/navigation.spec.ts:85:1 › Back cancels a pending tab choice even when its label matches an older request (4.2s)
  ✓  15 tests/e2e/navigation.spec.ts:160:1 › a pending route commit preserves the outgoing Work tree and restores Bot activity (1.4s)
  ✓  14 tests/e2e/navigation.spec.ts:127:1 › a newer keyboard tab choice survives the previous route commit (3.2s)
  ✓  17 tests/e2e/navigation.spec.ts:316:1 › Work preview departure keeps its context until native live-Code navigation commits (1.6s)
  ✓  18 tests/e2e/remote-auth.spec.ts:135:3 › Email code sign-in retains refusal, submits once, reloads and signs out — 960 light (2.8s)
  ✓  20 tests/e2e/remote-auth.spec.ts:135:3 › Email code sign-in retains refusal, submits once, reloads and signs out — 960 dark (2.8s)
  ✓  19 tests/e2e/remote-auth.spec.ts:200:3 › Unavailable continuations and cancelled codes stay private; restart clears login — 960 light (4.8s)
  ✓  22 tests/e2e/remote-auth.spec.ts:276:1 › Mode and origin changes reject late auth replies and never reuse another origin’s credentials (2.3s)
  ✓  21 tests/e2e/remote-auth.spec.ts:200:3 › Unavailable continuations and cancelled codes stay private; restart clears login — 960 dark (4.7s)
  ✓  23 tests/e2e/remote-auth.spec.ts:319:1 › Initial connection and auth reads protect selection, canonical sign-in and cancellation (2.2s)
  ✓  24 tests/e2e/terminal-copy.spec.ts:19:1 › French Code terminal localizes fresh shell notices without changing output or replay (3.6s)
  ✓  16 tests/e2e/navigation.spec.ts:199:1 › anchors, native menus and history preserve routes, variants and chat identities (13.0s)
  ✓  25 tests/e2e/work-scroll.spec.ts:12:3 › Work initial scroll settles after fonts without taking back user control — light (4.4s)
  ✓  26 tests/e2e/work-scroll.spec.ts:12:3 › Work initial scroll settles after fonts without taking back user control — dark (4.7s)

  26 passed (29.6s)
