search~results-dark 0.01
search~results-light 0.01
search~empty-dark 0.03
search~empty-light 0.03
search~loading-dark 0
search~loading-light 0.01
search~recent-dark 0
search~recent-light 0.01
work-task~running-dark 0.1
work-task~running-light 0.1
work-task~computer-dark 3.68
work-task~computer-light 3.68
work-task~takeover-dark 8.18
work-task~takeover-light 8.19
work-task~approval-dark 0.1
work-task~approval-light 0.1
work-task~blocked-dark 0.03
work-task~blocked-light 0.04
work-task~done-dark 0.42
work-task~done-light 0.45
work-task~failed-dark 0.02
work-task~failed-light 0.02
work-task~paused-dark 0.01
work-task~paused-light 0.01
automation-edit~schedule-dark 0.03
automation-edit~schedule-light 0.03
automation-edit~event-dark 0.05
automation-edit~event-light 0.06
automation-edit~test-dark 0.03
automation-edit~test-light 0.03
automation-edit~passed-dark 0.03
automation-edit~passed-light 0.03
Captured 32; compared 32; missing reference 0
