
Running 46 tests using 4 workers

  ✓   1 tests/e2e/bot-safety.spec.ts:30:3 › Bot Studio retains refused saves; accepted saves leave once — 960 light (2.0s)
  ✓   3 tests/e2e/bot-safety.spec.ts:30:3 › Bot Studio retains refused saves; accepted saves leave once — 960 dark (5.7s)
  ✓   5 tests/e2e/bot-safety.spec.ts:30:3 › Bot Studio retains refused saves; accepted saves leave once — 1440 light (5.8s)
  ✓   4 tests/e2e/bot-safety.spec.ts:102:3 › Preview Bot shares saved look, draft, pause and activity — 960 dark (9.7s)
  ✓   2 tests/e2e/bot-safety.spec.ts:102:3 › Preview Bot shares saved look, draft, pause and activity — 960 light (11.9s)
  ✓   7 tests/e2e/bot-safety.spec.ts:30:3 › Bot Studio retains refused saves; accepted saves leave once — 1440 dark (6.0s)
  ✓   6 tests/e2e/bot-safety.spec.ts:102:3 › Preview Bot shares saved look, draft, pause and activity — 1440 light (10.7s)
  ✓   9 tests/e2e/bot-safety.spec.ts:179:1 › Bot onboarding does not navigate after leaving preview (5.1s)
  ✓   8 tests/e2e/bot-safety.spec.ts:102:3 › Preview Bot shares saved look, draft, pause and activity — 1440 dark (8.0s)
  ✓  11 tests/e2e/chrome.spec.ts:8:3 › native window chrome and en menu (1.8s)
  ✓  12 tests/e2e/chrome.spec.ts:8:3 › native window chrome and fr menu (1.5s)
  ✓  10 tests/e2e/bot-safety.spec.ts:196:1 › Preview Bot locale reset and live-mode boundary (4.9s)
  ✓  15 tests/e2e/components.spec.ts:63:40 › Components catalog: keyboard, clipboard and local demos at minimum window (light) (7.1s)
  ✓  16 tests/e2e/components.spec.ts:63:40 › Components catalog: keyboard, clipboard and local demos at minimum window (dark) (7.5s)
  ✓  17 tests/e2e/composer-safety.spec.ts:25:3 › Code keeps cancelled and no-model drafts, locks pending submits — light (6.6s)
  ✓  18 tests/e2e/composer-safety.spec.ts:85:3 › Work and Bot drafts survive engine refusal; accepted sends clear once — light (7.4s)
  ✓  19 tests/e2e/composer-safety.spec.ts:25:3 › Code keeps cancelled and no-model drafts, locks pending submits — dark (6.6s)
  ✓  20 tests/e2e/composer-safety.spec.ts:85:3 › Work and Bot drafts survive engine refusal; accepted sends clear once — dark (7.5s)
  ✓  21 tests/e2e/engine.spec.ts:9:1 › models.dev catalog is listed and searchable through the bridge (5.1s)
  ✓  22 tests/e2e/engine.spec.ts:23:1 › streamed exchange with a thinking- and image-capable model (6.1s)
  ✓  23 tests/e2e/engine.spec.ts:75:1 › an image is refused for a model without image input (5.1s)
  ✓  25 tests/e2e/frozen-composer.spec.ts:142:3 › live composer capsule geometry, locale labels and attachment safety — light (9.4s)
  ✓  24 tests/e2e/frozen-composer.spec.ts:24:3 › frozen preview actions and same-URL Chat/Code history — light (20.0s)
  ✓  27 tests/e2e/frozen-composer.spec.ts:142:3 › live composer capsule geometry, locale labels and attachment safety — dark (9.4s)
  ✓  26 tests/e2e/frozen-composer.spec.ts:24:3 › frozen preview actions and same-URL Chat/Code history — dark (20.0s)
  ✓  28 tests/e2e/interaction-states.spec.ts:18:3 › frozen interaction end states — 960 light (14.2s)
  ✓  29 tests/e2e/interaction-states.spec.ts:18:3 › frozen interaction end states — 960 dark (14.0s)
  ✓  13 tests/e2e/components.spec.ts:4:40 › Components catalog: families, variants and three-preview ceiling (light) (1.3m)
  ✓  30 tests/e2e/interaction-states.spec.ts:18:3 › frozen interaction end states — 1440 light (14.8s)
  ✓  32 tests/e2e/keyboard.spec.ts:4:1 › hidden navigation cannot receive focus; theme radios and Undo work from the keyboard (13.2s)
  ✓  31 tests/e2e/interaction-states.spec.ts:18:3 › frozen interaction end states — 1440 dark (16.1s)
  ✓  33 tests/e2e/keyboard.spec.ts:130:1 › frozen shell motion settles, latest tab wins and hidden menus close (9.1s)
  ✓  35 tests/e2e/responsive.spec.ts:10:3 › Work board columns and cards remain reachable — 960 light (6.5s)
  ✓  14 tests/e2e/components.spec.ts:4:40 › Components catalog: families, variants and three-preview ceiling (dark) (1.7m)
  ✓  36 tests/e2e/responsive.spec.ts:10:3 › Work board columns and cards remain reachable — 960 dark (3.1s)
  ✓  38 tests/e2e/responsive.spec.ts:10:3 › Work board columns and cards remain reachable — 1024 dark (3.1s)
  ✓  37 tests/e2e/responsive.spec.ts:10:3 › Work board columns and cards remain reachable — 1024 light (6.5s)
  ✓  39 tests/e2e/responsive.spec.ts:10:3 › Work board columns and cards remain reachable — 1440 light (4.7s)
  ✓  34 tests/e2e/navigation.spec.ts:4:1 › anchors, native menus and history preserve routes, variants and chat identities (16.5s)
  ✓  40 tests/e2e/responsive.spec.ts:10:3 › Work board columns and cards remain reachable — 1440 dark (4.5s)
  ✓  41 tests/e2e/responsive.spec.ts:77:1 › preview navigation loads fixtures and catches startup URL changes (4.2s)
  ✓  44 tests/e2e/ui-flows.spec.ts:19:1 › a provider key saved in Settings shows only its last four characters (5.8s)
  ✓  42 tests/e2e/responsive.spec.ts:109:1 › review, diff, canvas and computer controls remain reachable in small desktop windows (9.3s)
  ✓  45 tests/e2e/ui-flows.spec.ts:26:1 › streamed exchange with thinking and an image, driven from the composer (8.7s)
  ✓  46 tests/e2e/ui-flows.spec.ts:64:1 › rejected sends keep the draft and attachments; retry resends the image (12.7s)
rendered 426 screen states
  ✓  43 tests/e2e/screens.spec.ts:10:1 › every design screen and state renders (2.3m)

  46 passed (4.4m)
