Running 1 test using 1 worker

[1/1] tests/e2e/navigation.spec.ts:316:1 › Work preview departure keeps its context until native live-Code navigation commits
  1) tests/e2e/navigation.spec.ts:316:1 › Work preview departure keeps its context until native live-Code navigation commits

    Error: expect(received).toEqual(expected) // deep equality

    - Expected  - 1
    + Received  + 3

    - Array []
    + Array [
    +   "Cannot read properties of null (reading 'cfg')",
    + ]

      346 |     await expect.poll(() => transition.evaluate((probe) => probe.read())).toEqual({ entered: true, native: true });
      347 |     await expect(page).toHaveURL(/#\/code$/);
    > 348 |     expect(errors).toEqual([]);
          |                    ^
      349 |     // Force the still-mounted preview to render while URL and committed screen differ.
      350 |     // Native transitions suspend paint while the callback is held; dispatch to the real control.
      351 |     await page.getByRole("button", { name: "Hide sidebar", exact: true }).evaluate((button: HTMLButtonElement) => button.click());
        at /root/.local/share/opencode/worktree/b489da9add1907e124bad2dfd49e8423fbd978b1/goal-desktop-rewrite/tests/e2e/navigation.spec.ts:348:20

    attachment #3: screenshot (image/png) ──────────────────────────────────────────────────────────
    ../../../../../../../tmp/opencode/preview-departure-fix/baseline-direct-results/navigation-Work-preview-de-4bc6b-ive-Code-navigation-commits/test-failed-1.png
    ────────────────────────────────────────────────────────────────────────────────────────────────

    Error Context: ../../../../../../../tmp/opencode/preview-departure-fix/baseline-direct-results/navigation-Work-preview-de-4bc6b-ive-Code-navigation-commits/error-context.md

    attachment #5: trace (application/zip) ─────────────────────────────────────────────────────────
    ../../../../../../../tmp/opencode/preview-departure-fix/baseline-direct-results/navigation-Work-preview-de-4bc6b-ive-Code-navigation-commits/trace.zip
    Usage:

        npx playwright show-trace ../../../../../../../tmp/opencode/preview-departure-fix/baseline-direct-results/navigation-Work-preview-de-4bc6b-ive-Code-navigation-commits/trace.zip

    ────────────────────────────────────────────────────────────────────────────────────────────────


  1 failed
    tests/e2e/navigation.spec.ts:316:1 › Work preview departure keeps its context until native live-Code navigation commits
