macOS build, package, launch	E2E on macOS (source build)	2026-10-02T19:59:15.6565370Z ##[group]Run bun run test:e2e
macOS build, package, launch	E2E on macOS (source build)	2026-10-02T19:59:15.6565590Z bun run test:e2e
macOS build, package, launch	E2E on macOS (source build)	2026-10-02T19:59:15.6596710Z shell: /bin/bash -e {0}
macOS build, package, launch	E2E on macOS (source build)	2026-10-02T19:59:15.6596850Z env:
macOS build, package, launch	E2E on macOS (source build)	2026-10-02T19:59:15.6596980Z   CSC_IDENTITY_AUTO_DISCOVERY: false
macOS build, package, launch	E2E on macOS (source build)	2026-10-02T19:59:15.6597170Z   BLACKSMITH_RUNNER_MESSAGE_WAIT_MS: 566
macOS build, package, launch	E2E on macOS (source build)	2026-10-02T19:59:15.6597360Z   BLACKSMITH_RUNNER_ACQUIRE_JOB_MS: 704
macOS build, package, launch	E2E on macOS (source build)	2026-10-02T19:59:15.6597530Z ##[endgroup]
macOS build, package, launch	E2E on macOS (source build)	2026-10-02T19:59:15.6897680Z $ playwright test
macOS build, package, launch	E2E on macOS (source build)	2026-10-02T19:59:17.5904530Z
macOS build, package, launch	E2E on macOS (source build)	2026-10-02T19:59:17.5904990Z Running 50 tests using 4 workers
macOS build, package, launch	E2E on macOS (source build)	2026-10-02T19:59:17.5905190Z
macOS build, package, launch	E2E on macOS (source build)	2026-10-02T19:59:26.9025020Z   ✓   1 tests/e2e/bot-safety.spec.ts:30:3 › Bot Studio retains refused saves; accepted saves leave once — 960 dark (9.0s)
macOS build, package, launch	E2E on macOS (source build)	2026-10-02T19:59:27.0735730Z   ✓   3 tests/e2e/bot-safety.spec.ts:30:3 › Bot Studio retains refused saves; accepted saves leave once — 960 light (9.1s)
macOS build, package, launch	E2E on macOS (source build)	2026-10-02T19:59:31.4637570Z   ✓   5 tests/e2e/bot-safety.spec.ts:30:3 › Bot Studio retains refused saves; accepted saves leave once — 1440 light (4.6s)
macOS build, package, launch	E2E on macOS (source build)	2026-10-02T19:59:33.1806460Z   ✓   2 tests/e2e/bot-safety.spec.ts:102:3 › Preview Bot shares saved look, draft, pause and activity — 960 dark (15.3s)
macOS build, package, launch	E2E on macOS (source build)	2026-10-02T19:59:33.2201280Z   ✓   4 tests/e2e/bot-safety.spec.ts:102:3 › Preview Bot shares saved look, draft, pause and activity — 960 light (15.3s)
macOS build, package, launch	E2E on macOS (source build)	2026-10-02T19:59:36.6979650Z   ✓   9 tests/e2e/bot-safety.spec.ts:194:1 › Bot onboarding does not navigate after leaving preview (3.5s)
macOS build, package, launch	E2E on macOS (source build)	2026-10-02T19:59:36.7338370Z   ✓   7 tests/e2e/bot-safety.spec.ts:30:3 › Bot Studio retains refused saves; accepted saves leave once — 1440 dark (5.3s)
macOS build, package, launch	E2E on macOS (source build)	2026-10-02T19:59:39.1402750Z   ✓  11 tests/e2e/chrome.spec.ts:8:3 › native window chrome and en menu (2.4s)
macOS build, package, launch	E2E on macOS (source build)	2026-10-02T19:59:39.1728010Z   ✓   6 tests/e2e/bot-safety.spec.ts:102:3 › Preview Bot shares saved look, draft, pause and activity — 1440 light (12.1s)
macOS build, package, launch	E2E on macOS (source build)	2026-10-02T19:59:41.7286020Z   ✓  10 tests/e2e/bot-safety.spec.ts:211:1 › Preview Bot locale reset and live-mode boundary (5.0s)
macOS build, package, launch	E2E on macOS (source build)	2026-10-02T19:59:41.7935820Z   ✓  13 tests/e2e/chrome.spec.ts:42:1 › reduced-motion startup inherits themed text immediately (2.6s)
macOS build, package, launch	E2E on macOS (source build)	2026-10-02T19:59:41.8793320Z   ✓  12 tests/e2e/chrome.spec.ts:8:3 › native window chrome and fr menu (2.7s)
macOS build, package, launch	E2E on macOS (source build)	2026-10-02T19:59:45.3903320Z   ✓   8 tests/e2e/bot-safety.spec.ts:102:3 › Preview Bot shares saved look, draft, pause and activity — 1440 dark (12.2s)
macOS build, package, launch	E2E on macOS (source build)	2026-10-02T19:59:49.8568630Z   ✓  16 tests/e2e/components.spec.ts:63:40 › Components catalog: keyboard, clipboard and local demos at minimum window (light) (8.0s)
macOS build, package, launch	E2E on macOS (source build)	2026-10-02T19:59:51.5429380Z   ✓  17 tests/e2e/components.spec.ts:63:40 › Components catalog: keyboard, clipboard and local demos at minimum window (dark) (6.1s)
macOS build, package, launch	E2E on macOS (source build)	2026-10-02T19:59:54.1470630Z   ✓  18 tests/e2e/composer-safety.spec.ts:25:3 › Code keeps cancelled and no-model drafts, locks pending submits — light (4.3s)
macOS build, package, launch	E2E on macOS (source build)	2026-10-02T19:59:57.2982570Z   ✓  20 tests/e2e/composer-safety.spec.ts:25:3 › Code keeps cancelled and no-model drafts, locks pending submits — dark (3.1s)
macOS build, package, launch	E2E on macOS (source build)	2026-10-02T20:00:00.9439460Z   ✓  19 tests/e2e/composer-safety.spec.ts:85:3 › Work and Bot drafts survive engine refusal; accepted sends clear once — light (9.4s)
macOS build, package, launch	E2E on macOS (source build)	2026-10-02T20:00:02.7722790Z   ✓  22 tests/e2e/engine.spec.ts:9:1 › models.dev catalog is listed and searchable through the bridge (1.8s)
macOS build, package, launch	E2E on macOS (source build)	2026-10-02T20:00:05.0410300Z   ✓  23 tests/e2e/engine.spec.ts:23:1 › streamed exchange with a thinking- and image-capable model (2.3s)
macOS build, package, launch	E2E on macOS (source build)	2026-10-02T20:00:05.5502230Z   ✓  21 tests/e2e/composer-safety.spec.ts:85:3 › Work and Bot drafts survive engine refusal; accepted sends clear once — dark (8.2s)
macOS build, package, launch	E2E on macOS (source build)	2026-10-02T20:00:07.5406280Z   ✓  24 tests/e2e/engine.spec.ts:75:1 › an image is refused for a model without image input (2.5s)
macOS build, package, launch	E2E on macOS (source build)	2026-10-02T20:00:13.4520210Z   ✓  26 tests/e2e/frozen-composer.spec.ts:147:3 › live composer capsule geometry, locale labels and attachment safety — light (5.9s)
macOS build, package, launch	E2E on macOS (source build)	2026-10-02T20:00:13.8999630Z   ✓  25 tests/e2e/frozen-composer.spec.ts:24:3 › frozen preview actions and same-URL Chat/Code history — light (8.3s)
macOS build, package, launch	E2E on macOS (source build)	2026-10-02T20:00:20.3418530Z   ✓  28 tests/e2e/frozen-composer.spec.ts:147:3 › live composer capsule geometry, locale labels and attachment safety — dark (6.4s)
macOS build, package, launch	E2E on macOS (source build)	2026-10-02T20:00:20.9594920Z   ✓  27 tests/e2e/frozen-composer.spec.ts:24:3 › frozen preview actions and same-URL Chat/Code history — dark (7.5s)
macOS build, package, launch	E2E on macOS (source build)	2026-10-02T20:00:33.4324820Z   ✓  30 tests/e2e/interaction-states.spec.ts:18:3 › frozen interaction end states — 960 dark (12.5s)
macOS build, package, launch	E2E on macOS (source build)	2026-10-02T20:00:33.5901880Z   ✓  29 tests/e2e/interaction-states.spec.ts:18:3 › frozen interaction end states — 960 light (13.2s)
macOS build, package, launch	E2E on macOS (source build)	2026-10-02T20:00:41.6815630Z   ✓  14 tests/e2e/components.spec.ts:4:40 › Components catalog: families, variants and three-preview ceiling (light) (59.9s)
macOS build, package, launch	E2E on macOS (source build)	2026-10-02T20:00:46.7410900Z   ✓  15 tests/e2e/components.spec.ts:4:40 › Components catalog: families, variants and three-preview ceiling (dark) (1.1m)
macOS build, package, launch	E2E on macOS (source build)	2026-10-02T20:00:48.6273210Z   ✓  33 tests/e2e/keyboard.spec.ts:4:1 › hidden navigation cannot receive focus; theme radios and Undo work from the keyboard (6.9s)
macOS build, package, launch	E2E on macOS (source build)	2026-10-02T20:00:51.3558770Z   ✓  31 tests/e2e/interaction-states.spec.ts:18:3 › frozen interaction end states — 1440 light (17.9s)
macOS build, package, launch	E2E on macOS (source build)	2026-10-02T20:00:51.4175340Z   ✓  32 tests/e2e/interaction-states.spec.ts:18:3 › frozen interaction end states — 1440 dark (17.8s)
macOS build, package, launch	E2E on macOS (source build)	2026-10-02T20:00:55.0676170Z   ✓  37 tests/e2e/navigation.spec.ts:79:1 › a pending route commit preserves the outgoing Work tree and restores Bot activity (3.6s)
macOS build, package, launch	E2E on macOS (source build)	2026-10-02T20:00:55.0841430Z   ✓  36 tests/e2e/navigation.spec.ts:46:1 › a newer keyboard tab choice survives the previous route commit (3.7s)
macOS build, package, launch	E2E on macOS (source build)	2026-10-02T20:00:55.0881130Z   ✓  35 tests/e2e/navigation.spec.ts:4:1 › Back cancels a pending tab choice even when its label matches an older request (6.4s)
macOS build, package, launch	E2E on macOS (source build)	2026-10-02T20:01:00.5772540Z   ✓  39 tests/e2e/responsive.spec.ts:10:3 › Work board columns and cards remain reachable — 960 light (5.5s)
macOS build, package, launch	E2E on macOS (source build)	2026-10-02T20:01:00.6610480Z   ✓  40 tests/e2e/responsive.spec.ts:10:3 › Work board columns and cards remain reachable — 960 dark (5.6s)
macOS build, package, launch	E2E on macOS (source build)	2026-10-02T20:01:05.4943830Z   ✓  41 tests/e2e/responsive.spec.ts:10:3 › Work board columns and cards remain reachable — 1024 light (4.9s)
macOS build, package, launch	E2E on macOS (source build)	2026-10-02T20:01:05.4949870Z   ✓  42 tests/e2e/responsive.spec.ts:10:3 › Work board columns and cards remain reachable — 1024 dark (4.8s)
macOS build, package, launch	E2E on macOS (source build)	2026-10-02T20:01:10.2731380Z   ✓  38 tests/e2e/navigation.spec.ts:118:1 › anchors, native menus and history preserve routes, variants and chat identities (15.2s)
macOS build, package, launch	E2E on macOS (source build)	2026-10-02T20:01:10.6351210Z   ✓  43 tests/e2e/responsive.spec.ts:10:3 › Work board columns and cards remain reachable — 1440 light (5.1s)
macOS build, package, launch	E2E on macOS (source build)	2026-10-02T20:01:10.7300740Z   ✓  44 tests/e2e/responsive.spec.ts:10:3 › Work board columns and cards remain reachable — 1440 dark (5.2s)
macOS build, package, launch	E2E on macOS (source build)	2026-10-02T20:01:13.3590420Z   ✓  45 tests/e2e/responsive.spec.ts:76:1 › preview navigation loads fixtures and catches startup URL changes (3.1s)
macOS build, package, launch	E2E on macOS (source build)	2026-10-02T20:01:16.1347490Z   ✓  48 tests/e2e/ui-flows.spec.ts:19:1 › a provider key saved in Settings shows only its last four characters (2.8s)
macOS build, package, launch	E2E on macOS (source build)	2026-10-02T20:01:21.6158330Z   ✓  49 tests/e2e/ui-flows.spec.ts:26:1 › streamed exchange with thinking and an image, driven from the composer (5.5s)
macOS build, package, launch	E2E on macOS (source build)	2026-10-02T20:01:23.3424270Z   ✓  46 tests/e2e/responsive.spec.ts:108:1 › review, diff, canvas and computer controls remain reachable in small desktop windows (12.7s)
macOS build, package, launch	E2E on macOS (source build)	2026-10-02T20:01:35.8078620Z   ✓  50 tests/e2e/ui-flows.spec.ts:64:1 › rejected sends keep the draft and attachments; retry resends the image (14.2s)
macOS build, package, launch	E2E on macOS (source build)	2026-10-02T20:01:37.3240770Z   ✘  34 tests/e2e/keyboard.spec.ts:130:1 › frozen shell motion settles, latest tab wins and hidden menus close (50.6s)
macOS build, package, launch	E2E on macOS (source build)	2026-10-02T20:02:40.0871170Z rendered 426 screen states
macOS build, package, launch	E2E on macOS (source build)	2026-10-02T20:02:40.0892870Z   ✓  47 tests/e2e/screens.spec.ts:10:1 › every design screen and state renders (1.5m)
macOS build, package, launch	E2E on macOS (source build)	2026-10-02T20:02:40.0990200Z
macOS build, package, launch	E2E on macOS (source build)	2026-10-02T20:02:40.0992920Z
macOS build, package, launch	E2E on macOS (source build)	2026-10-02T20:02:40.0998300Z   1) tests/e2e/keyboard.spec.ts:130:1 › frozen shell motion settles, latest tab wins and hidden menus close
macOS build, package, launch	E2E on macOS (source build)	2026-10-02T20:02:40.0998640Z
macOS build, package, launch	E2E on macOS (source build)	2026-10-02T20:02:40.0998810Z     TimeoutError: page.screenshot: Timeout 30000ms exceeded.
macOS build, package, launch	E2E on macOS (source build)	2026-10-02T20:02:40.0999120Z     Call log:
macOS build, package, launch	E2E on macOS (source build)	2026-10-02T20:02:40.1005590Z       - taking page screenshot
macOS build, package, launch	E2E on macOS (source build)	2026-10-02T20:02:40.1006290Z         - disabled all CSS animations
macOS build, package, launch	E2E on macOS (source build)	2026-10-02T20:02:40.1006720Z       - waiting for fonts to load...
macOS build, package, launch	E2E on macOS (source build)	2026-10-02T20:02:40.1007080Z       - fonts loaded
macOS build, package, launch	E2E on macOS (source build)	2026-10-02T20:02:40.1007260Z
macOS build, package, launch	E2E on macOS (source build)	2026-10-02T20:02:40.1007270Z
macOS build, package, launch	E2E on macOS (source build)	2026-10-02T20:02:40.1007390Z       185 |
macOS build, package, launch	E2E on macOS (source build)	2026-10-02T20:02:40.1007860Z       186 |     const shot = test.info().outputPath("frozen-theme-dark.png");
macOS build, package, launch	E2E on macOS (source build)	2026-10-02T20:02:40.1008610Z     > 187 |     await page.screenshot({ path: shot, animations: "disabled" });
macOS build, package, launch	E2E on macOS (source build)	2026-10-02T20:02:40.1009210Z           |                ^
macOS build, package, launch	E2E on macOS (source build)	2026-10-02T20:02:40.1010130Z       188 |     await test.info().attach("frozen-theme-dark", { path: shot, contentType: "image/png" });
macOS build, package, launch	E2E on macOS (source build)	2026-10-02T20:02:40.1011050Z       189 |
macOS build, package, launch	E2E on macOS (source build)	2026-10-02T20:02:40.1012090Z       190 |     await page.locator(".mode-trigger").click();
macOS build, package, launch	E2E on macOS (source build)	2026-10-02T20:02:40.1012430Z         at /Users/runner/_work/desktop/desktop/tests/e2e/keyboard.spec.ts:187:16
macOS build, package, launch	E2E on macOS (source build)	2026-10-02T20:02:40.1012600Z
macOS build, package, launch	E2E on macOS (source build)	2026-10-02T20:02:40.1012870Z     Error Context: test-results/artifacts/keyboard-frozen-shell-moti-289d0-wins-and-hidden-menus-close/error-context.md
macOS build, package, launch	E2E on macOS (source build)	2026-10-02T20:02:40.1013150Z
macOS build, package, launch	E2E on macOS (source build)	2026-10-02T20:02:40.1013470Z     attachment #2: trace (application/zip) ─────────────────────────────────────────────────────────
macOS build, package, launch	E2E on macOS (source build)	2026-10-02T20:02:40.1013870Z     test-results/artifacts/keyboard-frozen-shell-moti-289d0-wins-and-hidden-menus-close/trace.zip
macOS build, package, launch	E2E on macOS (source build)	2026-10-02T20:02:40.1014150Z     Usage:
macOS build, package, launch	E2E on macOS (source build)	2026-10-02T20:02:40.1014220Z
macOS build, package, launch	E2E on macOS (source build)	2026-10-02T20:02:40.1014540Z         npx playwright show-trace test-results/artifacts/keyboard-frozen-shell-moti-289d0-wins-and-hidden-menus-close/trace.zip
macOS build, package, launch	E2E on macOS (source build)	2026-10-02T20:02:40.1014830Z
macOS build, package, launch	E2E on macOS (source build)	2026-10-02T20:02:40.1015050Z     ────────────────────────────────────────────────────────────────────────────────────────────────
macOS build, package, launch	E2E on macOS (source build)	2026-10-02T20:02:40.1015210Z
macOS build, package, launch	E2E on macOS (source build)	2026-10-02T20:02:40.1015250Z   1 failed
macOS build, package, launch	E2E on macOS (source build)	2026-10-02T20:02:40.1015550Z     tests/e2e/keyboard.spec.ts:130:1 › frozen shell motion settles, latest tab wins and hidden menus close
macOS build, package, launch	E2E on macOS (source build)	2026-10-02T20:02:40.1015850Z   49 passed (3.4m)
macOS build, package, launch	E2E on macOS (source build)	2026-10-02T20:02:40.2887500Z error: script "test:e2e" exited with code 1
macOS build, package, launch	E2E on macOS (source build)	2026-10-02T20:02:40.2903200Z ##[error]Process completed with exit code 1.
