$ playwright test

Running 50 tests using 4 workers

  ✓   1 tests/e2e/bot-safety.spec.ts:30:3 › Bot Studio retains refused saves; accepted saves leave once — 960 light (2.1s)
  ✓   4 tests/e2e/bot-safety.spec.ts:30:3 › Bot Studio retains refused saves; accepted saves leave once — 960 dark (2.0s)
  ✓   5 tests/e2e/bot-safety.spec.ts:30:3 › Bot Studio retains refused saves; accepted saves leave once — 1440 light (2.1s)
  ✓   7 tests/e2e/bot-safety.spec.ts:30:3 › Bot Studio retains refused saves; accepted saves leave once — 1440 dark (2.1s)
  ✓   2 tests/e2e/bot-safety.spec.ts:102:3 › Preview Bot shares saved look, draft, pause and activity — 960 light (8.4s)
  ✓   3 tests/e2e/bot-safety.spec.ts:102:3 › Preview Bot shares saved look, draft, pause and activity — 960 dark (8.6s)
  ✓   9 tests/e2e/bot-safety.spec.ts:194:1 › Bot onboarding does not navigate after leaving preview (1.5s)
  ✓   6 tests/e2e/bot-safety.spec.ts:102:3 › Preview Bot shares saved look, draft, pause and activity — 1440 light (8.0s)
  ✓  10 tests/e2e/bot-safety.spec.ts:211:1 › Preview Bot locale reset and live-mode boundary (2.0s)
  ✓  11 tests/e2e/chrome.spec.ts:8:3 › native window chrome and en menu (1.1s)
  ✓  12 tests/e2e/chrome.spec.ts:8:3 › native window chrome and fr menu (1.1s)
  ✓  13 tests/e2e/chrome.spec.ts:42:1 › reduced-motion startup inherits themed text immediately (1.4s)
  ✓   8 tests/e2e/bot-safety.spec.ts:102:3 › Preview Bot shares saved look, draft, pause and activity — 1440 dark (7.7s)
  ✓  16 tests/e2e/components.spec.ts:63:40 › Components catalog: keyboard, clipboard and local demos at minimum window (light) (3.4s)
  ✓  17 tests/e2e/components.spec.ts:63:40 › Components catalog: keyboard, clipboard and local demos at minimum window (dark) (3.6s)
  ✓  18 tests/e2e/composer-safety.spec.ts:25:3 › Code keeps cancelled and no-model drafts, locks pending submits — light (2.5s)
  ✓  20 tests/e2e/composer-safety.spec.ts:25:3 › Code keeps cancelled and no-model drafts, locks pending submits — dark (2.5s)
  ✓  19 tests/e2e/composer-safety.spec.ts:85:3 › Work and Bot drafts survive engine refusal; accepted sends clear once — light (6.8s)
  ✓  22 tests/e2e/engine.spec.ts:9:1 › models.dev catalog is listed and searchable through the bridge (1.6s)
  ✓  21 tests/e2e/composer-safety.spec.ts:85:3 › Work and Bot drafts survive engine refusal; accepted sends clear once — dark (6.8s)
  ✓  23 tests/e2e/engine.spec.ts:23:1 › streamed exchange with a thinking- and image-capable model (2.4s)
  ✓  24 tests/e2e/engine.spec.ts:75:1 › an image is refused for a model without image input (1.6s)
  ✓  26 tests/e2e/frozen-composer.spec.ts:147:3 › live composer capsule geometry, locale labels and attachment safety — light (5.5s)
  ✓  25 tests/e2e/frozen-composer.spec.ts:24:3 › frozen preview actions and same-URL Chat/Code history — light (6.2s)
  ✓  28 tests/e2e/frozen-composer.spec.ts:147:3 › live composer capsule geometry, locale labels and attachment safety — dark (5.5s)
  ✓  27 tests/e2e/frozen-composer.spec.ts:24:3 › frozen preview actions and same-URL Chat/Code history — dark (6.2s)
  ✓  30 tests/e2e/interaction-states.spec.ts:18:3 › frozen interaction end states — 960 dark (11.1s)
  ✓  29 tests/e2e/interaction-states.spec.ts:18:3 › frozen interaction end states — 960 light (11.8s)
  ✓  31 tests/e2e/interaction-states.spec.ts:18:3 › frozen interaction end states — 1440 light (12.2s)
  ✓  32 tests/e2e/interaction-states.spec.ts:18:3 › frozen interaction end states — 1440 dark (12.6s)
  ✓  33 tests/e2e/keyboard.spec.ts:4:1 › hidden navigation cannot receive focus; theme radios and Undo work from the keyboard (5.0s)
  ✓  35 tests/e2e/navigation.spec.ts:4:1 › Back cancels a pending tab choice even when its label matches an older request (4.2s)
  ✓  34 tests/e2e/keyboard.spec.ts:130:1 › frozen shell motion settles, latest tab wins and hidden menus close (9.2s)
  ✓  37 tests/e2e/navigation.spec.ts:79:1 › a pending route commit preserves the outgoing Work tree and restores Bot activity (1.5s)
  ✓  36 tests/e2e/navigation.spec.ts:46:1 › a newer keyboard tab choice survives the previous route commit (3.3s)
  ✓  39 tests/e2e/responsive.spec.ts:10:3 › Work board columns and cards remain reachable — 960 light (3.0s)
  ✓  40 tests/e2e/responsive.spec.ts:10:3 › Work board columns and cards remain reachable — 960 dark (2.9s)
  ✓  41 tests/e2e/responsive.spec.ts:10:3 › Work board columns and cards remain reachable — 1024 light (3.1s)
  ✓  14 tests/e2e/components.spec.ts:4:40 › Components catalog: families, variants and three-preview ceiling (light) (1.2m)
  ✓  15 tests/e2e/components.spec.ts:4:40 › Components catalog: families, variants and three-preview ceiling (dark) (1.3m)
  ✓  42 tests/e2e/responsive.spec.ts:10:3 › Work board columns and cards remain reachable — 1024 dark (3.0s)
  ✓  38 tests/e2e/navigation.spec.ts:118:1 › anchors, native menus and history preserve routes, variants and chat identities (13.3s)
  ✓  43 tests/e2e/responsive.spec.ts:10:3 › Work board columns and cards remain reachable — 1440 light (3.0s)
  ✓  45 tests/e2e/responsive.spec.ts:76:1 › preview navigation loads fixtures and catches startup URL changes (1.5s)
  ✓  44 tests/e2e/responsive.spec.ts:10:3 › Work board columns and cards remain reachable — 1440 dark (2.9s)
  ✓  48 tests/e2e/ui-flows.spec.ts:19:1 › a provider key saved in Settings shows only its last four characters (2.3s)
  ✓  49 tests/e2e/ui-flows.spec.ts:26:1 › streamed exchange with thinking and an image, driven from the composer (5.1s)
  ✓  46 tests/e2e/responsive.spec.ts:108:1 › review, diff, canvas and computer controls remain reachable in small desktop windows (7.2s)
  ✓  50 tests/e2e/ui-flows.spec.ts:64:1 › rejected sends keep the draft and attachments; retry resends the image (11.5s)
rendered 426 screen states
  ✓  47 tests/e2e/screens.spec.ts:10:1 › every design screen and state renders (2.4m)

  50 passed (3.9m)
