
 RUN  v5.0.3 /root/.local/share/opencode/worktree/b489da9add1907e124bad2dfd49e8423fbd978b1/goal-desktop-rewrite

 ❯ tests/unit/runtime-copy.test.ts (24 tests | 8 failed | 16 skipped) 198ms
   ❯ runtime copy (24)
     ↓ renders translated mascot accessibility in en
     ↓ renders translated mascot accessibility in fr
     ↓ renders translated mascot accessibility in es
     ↓ renders translated mascot accessibility in de
     ↓ renders translated mascot accessibility in ja
     ↓ renders translated mascot accessibility in zh-Hans
     ↓ renders translated mascot accessibility in pt-BR
     ↓ renders translated mascot accessibility in ko
     ↓ localizes built-in tool metadata while preserving data in en
     ↓ localizes built-in tool metadata while preserving data in fr
     ↓ localizes built-in tool metadata while preserving data in es
     ↓ localizes built-in tool metadata while preserving data in de
     ↓ localizes built-in tool metadata while preserving data in ja
     ↓ localizes built-in tool metadata while preserving data in zh-Hans
     ↓ localizes built-in tool metadata while preserving data in pt-BR
     ↓ localizes built-in tool metadata while preserving data in ko
     × renders Code tool titles and excludes raw tool errors in en 44ms
     × renders Code tool titles and excludes raw tool errors in fr 25ms
     × renders Code tool titles and excludes raw tool errors in es 22ms
     × renders Code tool titles and excludes raw tool errors in de 20ms
     × renders Code tool titles and excludes raw tool errors in ja 23ms
     × renders Code tool titles and excludes raw tool errors in zh-Hans 20ms
     × renders Code tool titles and excludes raw tool errors in pt-BR 20ms
     × renders Code tool titles and excludes raw tool errors in ko 22ms

⎯⎯⎯⎯⎯⎯⎯ Failed Tests 8 ⎯⎯⎯⎯⎯⎯⎯

 FAIL  tests/unit/runtime-copy.test.ts > runtime copy > renders Code tool titles and excludes raw tool errors in en
 FAIL  tests/unit/runtime-copy.test.ts > runtime copy > renders Code tool titles and excludes raw tool errors in fr
 FAIL  tests/unit/runtime-copy.test.ts > runtime copy > renders Code tool titles and excludes raw tool errors in es
 FAIL  tests/unit/runtime-copy.test.ts > runtime copy > renders Code tool titles and excludes raw tool errors in de
 FAIL  tests/unit/runtime-copy.test.ts > runtime copy > renders Code tool titles and excludes raw tool errors in ja
 FAIL  tests/unit/runtime-copy.test.ts > runtime copy > renders Code tool titles and excludes raw tool errors in zh-Hans
 FAIL  tests/unit/runtime-copy.test.ts > runtime copy > renders Code tool titles and excludes raw tool errors in pt-BR
 FAIL  tests/unit/runtime-copy.test.ts > runtime copy > renders Code tool titles and excludes raw tool errors in ko
ReferenceError: localStorage is not defined
 ❯ packages/app/src/screens/chat/model-composer.tsx:28:124
     26|     return lists.flat();
     27|   }, [allowKeyless], (e) => e.type.startsWith("provider."));
     28|   const [sel, setSel] = React.useState<string>(() => initialModel ? `$…
       |                                                                                                                            ^
     29|   const models = q.state === "ready" ? q.data : [];
     30|   const key = (m: ModelInfo) => `${m.providerID}/${m.id}`;
 ❯ useReducer node_modules/.bun/react-dom@19.3.0+62547eec5a2188e3/node_modules/react-dom/cjs/react-dom-server-legacy.node.development.js:4086:15
 ❯ Object.useState node_modules/.bun/react-dom@19.3.0+62547eec5a2188e3/node_modules/react-dom/cjs/react-dom-server-legacy.node.development.js:10277:18
 ❯ Proxy.process.env.NODE_ENV.exports.useState node_modules/.bun/react@19.3.0/node_modules/react/cjs/react.development.js:1309:34
 ❯ Proxy.useState tests/unit/runtime-copy.test.ts:35:25
 ❯ useModels packages/app/src/screens/chat/model-composer.tsx:28:31
 ❯ LiveComposer packages/app/src/screens/chat/model-composer.tsx:64:15
 ❯ Object.react_stack_bottom_frame node_modules/.bun/react-dom@19.3.0+62547eec5a2188e3/node_modules/react-dom/cjs/react-dom-server-legacy.node.development.js:10371:18
 ❯ renderWithHooks node_modules/.bun/react-dom@19.3.0+62547eec5a2188e3/node_modules/react-dom/cjs/react-dom-server-legacy.node.development.js:5361:19
 ❯ renderElement node_modules/.bun/react-dom@19.3.0+62547eec5a2188e3/node_modules/react-dom/cjs/react-dom-server-legacy.node.development.js:5796:23

⎯⎯⎯⎯⎯⎯⎯⎯⎯⎯⎯⎯⎯⎯⎯⎯⎯⎯⎯⎯⎯⎯⎯⎯[1/8]⎯


 Test Files  1 failed (1)
      Tests  8 failed | 16 skipped (24)
   Start at  22:58:23
   Duration  1.32s (transform 42%, import 40%, tests 18%, worker 1%)
